Nov 26 13:39:48 router kernel: Initializing cgroup subsys cpuset
Nov 26 13:39:48 router kernel: Initializing cgroup subsys cpu
Nov 26 13:39:48 router kernel: Initializing cgroup subsys cpuacct
Nov 26 13:39:48 router kernel: Linux version 3.10.0-1062.4.1.el7.x86_64 (mockbuild@kbuilder.bsys.centos.org) (gcc version 4.8.5 20150623 (Red Hat 4.8.5-39) (GCC) ) #1 SMP Fri Oct 18 17:15:30 UTC 2019
Nov 26 13:39:48 router kernel: Command line: BOOT_IMAGE=/vmlinuz-3.10.0-1062.4.1.el7.x86_64 root=/dev/mapper/centos-root ro crashkernel=auto rd.lvm.lv=centos/root rd.lvm.lv=centos/swap rhgb quiet LANG=en_US.UTF-8
Nov 26 13:39:48 router kernel: Disabled fast string operations
Nov 26 13:39:48 router kernel: e820: BIOS-provided physical RAM map:
Nov 26 13:39:48 router kernel: BIOS-e820: [mem 0x0000000000000000-0x000000000009ebff] usable
Nov 26 13:39:48 router kernel: BIOS-e820: [mem 0x000000000009ec00-0x000000000009ffff] reserved
Nov 26 13:39:48 router kernel: BIOS-e820: [mem 0x00000000000dc000-0x00000000000fffff] reserved
Nov 26 13:39:48 router kernel: BIOS-e820: [mem 0x0000000000100000-0x000000003fedffff] usable
Nov 26 13:39:48 router kernel: BIOS-e820: [mem 0x000000003fee0000-0x000000003fefefff] ACPI data
Nov 26 13:39:48 router kernel: BIOS-e820: [mem 0x000000003feff000-0x000000003fefffff] ACPI NVS
Nov 26 13:39:48 router kernel: BIOS-e820: [mem 0x000000003ff00000-0x000000003fffffff] usable
Nov 26 13:39:48 router kernel: BIOS-e820: [mem 0x00000000f0000000-0x00000000f7ffffff] reserved
Nov 26 13:39:48 router kernel: BIOS-e820: [mem 0x00000000fec00000-0x00000000fec0ffff] reserved
Nov 26 13:39:48 router kernel: BIOS-e820: [mem 0x00000000fee00000-0x00000000fee00fff] reserved
Nov 26 13:39:48 router kernel: BIOS-e820: [mem 0x00000000fffe0000-0x00000000ffffffff] reserved
Nov 26 13:39:48 router kernel: NX (Execute Disable) protection: active
Nov 26 13:39:48 router kernel: SMBIOS 2.7 present.
Nov 26 13:39:48 router kernel: DMI: VMware, Inc. VMware Virtual Platform/440BX Desktop Reference Platform, BIOS 6.00 05/19/2017
Nov 26 13:39:48 router kernel: Hypervisor detected: VMware
Nov 26 13:39:48 router kernel: vmware: TSC freq read from hypervisor : 3601.000 MHz
Nov 26 13:39:48 router kernel: vmware: Host bus clock speed read from hypervisor : 66000000 Hz
Nov 26 13:39:48 router kernel: vmware: using sched offset of 7884046596 ns
Nov 26 13:39:48 router kernel: e820: last_pfn = 0x40000 max_arch_pfn = 0x400000000
Nov 26 13:39:48 router kernel: PAT configuration [0-7]: WB  WC  UC- UC  WB  WP  UC- UC  
Nov 26 13:39:48 router kernel: total RAM covered: 3072M
Nov 26 13:39:48 router kernel: Found optimal setting for mtrr clean up
Nov 26 13:39:48 router kernel: gran_size: 64K #011chunk_size: 64K #011num_reg: 2  #011lose cover RAM: 0G
Nov 26 13:39:48 router kernel: found SMP MP-table at [mem 0x000f6a80-0x000f6a8f] mapped at [ffffffffff200a80]
Nov 26 13:39:48 router kernel: Using GB pages for direct mapping
Nov 26 13:39:48 router kernel: RAMDISK: [mem 0x35793000-0x36bc1fff]
Nov 26 13:39:48 router kernel: Early table checksum verification disabled
Nov 26 13:39:48 router kernel: ACPI: RSDP 00000000000f6a10 00024 (v02 PTLTD )
Nov 26 13:39:48 router kernel: ACPI: XSDT 000000003feea69f 00054 (v01 INTEL  440BX    06040000 VMW  01324272)
Nov 26 13:39:48 router kernel: ACPI: FACP 000000003fefee73 000F4 (v04 INTEL  440BX    06040000 PTL  000F4240)
Nov 26 13:39:48 router kernel: ACPI: DSDT 000000003feebb42 13331 (v01 PTLTD  Custom   06040000 MSFT 03000001)
Nov 26 13:39:48 router kernel: ACPI: FACS 000000003fefffc0 00040
Nov 26 13:39:48 router kernel: ACPI: BOOT 000000003feebb1a 00028 (v01 PTLTD  $SBFTBL$ 06040000  LTP 00000001)
Nov 26 13:39:48 router kernel: ACPI: APIC 000000003feeb3d8 00742 (v01 PTLTD  ? APIC   06040000  LTP 00000000)
Nov 26 13:39:48 router kernel: ACPI: MCFG 000000003feeb39c 0003C (v01 PTLTD  $PCITBL$ 06040000  LTP 00000001)
Nov 26 13:39:48 router kernel: ACPI: SRAT 000000003feea757 008A8 (v02 VMWARE MEMPLUG  06040000 VMW  00000001)
Nov 26 13:39:48 router kernel: ACPI: WAET 000000003feea72f 00028 (v01 VMWARE VMW WAET 06040000 VMW  00000001)
Nov 26 13:39:48 router kernel: Setting APIC routing to physical flat.
Nov 26 13:39:48 router kernel: SRAT: PXM 0 -> APIC 0x00 -> Node 0
Nov 26 13:39:48 router kernel: SRAT: PXM 0 -> APIC 0x02 -> Node 0
Nov 26 13:39:48 router kernel: SRAT: PXM 0 -> APIC 0x04 -> Node 0
Nov 26 13:39:48 router kernel: SRAT: PXM 0 -> APIC 0x06 -> Node 0
Nov 26 13:39:48 router kernel: SRAT: PXM 0 -> APIC 0x08 -> Node 0
Nov 26 13:39:48 router kernel: SRAT: PXM 0 -> APIC 0x0a -> Node 0
Nov 26 13:39:48 router kernel: SRAT: PXM 0 -> APIC 0x0c -> Node 0
Nov 26 13:39:48 router kernel: SRAT: PXM 0 -> APIC 0x0e -> Node 0
Nov 26 13:39:48 router kernel: SRAT: PXM 0 -> APIC 0x10 -> Node 0
Nov 26 13:39:48 router kernel: SRAT: PXM 0 -> APIC 0x12 -> Node 0
Nov 26 13:39:48 router kernel: SRAT: PXM 0 -> APIC 0x14 -> Node 0
Nov 26 13:39:48 router kernel: SRAT: PXM 0 -> APIC 0x16 -> Node 0
Nov 26 13:39:48 router kernel: SRAT: PXM 0 -> APIC 0x18 -> Node 0
Nov 26 13:39:48 router kernel: SRAT: PXM 0 -> APIC 0x1a -> Node 0
Nov 26 13:39:48 router kernel: SRAT: PXM 0 -> APIC 0x1c -> Node 0
Nov 26 13:39:48 router kernel: SRAT: PXM 0 -> APIC 0x1e -> Node 0
Nov 26 13:39:48 router kernel: SRAT: PXM 0 -> APIC 0x20 -> Node 0
Nov 26 13:39:48 router kernel: SRAT: PXM 0 -> APIC 0x22 -> Node 0
Nov 26 13:39:48 router kernel: SRAT: PXM 0 -> APIC 0x24 -> Node 0
Nov 26 13:39:48 router kernel: SRAT: PXM 0 -> APIC 0x26 -> Node 0
Nov 26 13:39:48 router kernel: SRAT: PXM 0 -> APIC 0x28 -> Node 0
Nov 26 13:39:48 router kernel: SRAT: PXM 0 -> APIC 0x2a -> Node 0
Nov 26 13:39:48 router kernel: SRAT: PXM 0 -> APIC 0x2c -> Node 0
Nov 26 13:39:48 router kernel: SRAT: PXM 0 -> APIC 0x2e -> Node 0
Nov 26 13:39:48 router kernel: SRAT: PXM 0 -> APIC 0x30 -> Node 0
Nov 26 13:39:48 router kernel: SRAT: PXM 0 -> APIC 0x32 -> Node 0
Nov 26 13:39:48 router kernel: SRAT: PXM 0 -> APIC 0x34 -> Node 0
Nov 26 13:39:48 router kernel: SRAT: PXM 0 -> APIC 0x36 -> Node 0
Nov 26 13:39:48 router kernel: SRAT: PXM 0 -> APIC 0x38 -> Node 0
Nov 26 13:39:48 router kernel: SRAT: PXM 0 -> APIC 0x3a -> Node 0
Nov 26 13:39:48 router kernel: SRAT: PXM 0 -> APIC 0x3c -> Node 0
Nov 26 13:39:48 router kernel: SRAT: PXM 0 -> APIC 0x3e -> Node 0
Nov 26 13:39:48 router kernel: SRAT: PXM 0 -> APIC 0x40 -> Node 0
Nov 26 13:39:48 router kernel: SRAT: PXM 0 -> APIC 0x42 -> Node 0
Nov 26 13:39:48 router kernel: SRAT: PXM 0 -> APIC 0x44 -> Node 0
Nov 26 13:39:48 router kernel: SRAT: PXM 0 -> APIC 0x46 -> Node 0
Nov 26 13:39:48 router kernel: SRAT: PXM 0 -> APIC 0x48 -> Node 0
Nov 26 13:39:48 router kernel: SRAT: PXM 0 -> APIC 0x4a -> Node 0
Nov 26 13:39:48 router kernel: SRAT: PXM 0 -> APIC 0x4c -> Node 0
Nov 26 13:39:48 router kernel: SRAT: PXM 0 -> APIC 0x4e -> Node 0
Nov 26 13:39:48 router kernel: SRAT: PXM 0 -> APIC 0x50 -> Node 0
Nov 26 13:39:48 router kernel: SRAT: PXM 0 -> APIC 0x52 -> Node 0
Nov 26 13:39:48 router kernel: SRAT: PXM 0 -> APIC 0x54 -> Node 0
Nov 26 13:39:48 router kernel: SRAT: PXM 0 -> APIC 0x56 -> Node 0
Nov 26 13:39:48 router kernel: SRAT: PXM 0 -> APIC 0x58 -> Node 0
Nov 26 13:39:48 router kernel: SRAT: PXM 0 -> APIC 0x5a -> Node 0
Nov 26 13:39:48 router kernel: SRAT: PXM 0 -> APIC 0x5c -> Node 0
Nov 26 13:39:48 router kernel: SRAT: PXM 0 -> APIC 0x5e -> Node 0
Nov 26 13:39:48 router kernel: SRAT: PXM 0 -> APIC 0x60 -> Node 0
Nov 26 13:39:48 router kernel: SRAT: PXM 0 -> APIC 0x62 -> Node 0
Nov 26 13:39:48 router kernel: SRAT: PXM 0 -> APIC 0x64 -> Node 0
Nov 26 13:39:48 router kernel: SRAT: PXM 0 -> APIC 0x66 -> Node 0
Nov 26 13:39:48 router kernel: SRAT: PXM 0 -> APIC 0x68 -> Node 0
Nov 26 13:39:48 router kernel: SRAT: PXM 0 -> APIC 0x6a -> Node 0
Nov 26 13:39:48 router kernel: SRAT: PXM 0 -> APIC 0x6c -> Node 0
Nov 26 13:39:48 router kernel: SRAT: PXM 0 -> APIC 0x6e -> Node 0
Nov 26 13:39:48 router kernel: SRAT: PXM 0 -> APIC 0x70 -> Node 0
Nov 26 13:39:48 router kernel: SRAT: PXM 0 -> APIC 0x72 -> Node 0
Nov 26 13:39:48 router kernel: SRAT: PXM 0 -> APIC 0x74 -> Node 0
Nov 26 13:39:48 router kernel: SRAT: PXM 0 -> APIC 0x76 -> Node 0
Nov 26 13:39:48 router kernel: SRAT: PXM 0 -> APIC 0x78 -> Node 0
Nov 26 13:39:48 router kernel: SRAT: PXM 0 -> APIC 0x7a -> Node 0
Nov 26 13:39:48 router kernel: SRAT: PXM 0 -> APIC 0x7c -> Node 0
Nov 26 13:39:48 router kernel: SRAT: PXM 0 -> APIC 0x7e -> Node 0
Nov 26 13:39:48 router kernel: SRAT: PXM 0 -> APIC 0x80 -> Node 0
Nov 26 13:39:48 router kernel: SRAT: PXM 0 -> APIC 0x82 -> Node 0
Nov 26 13:39:48 router kernel: SRAT: PXM 0 -> APIC 0x84 -> Node 0
Nov 26 13:39:48 router kernel: SRAT: PXM 0 -> APIC 0x86 -> Node 0
Nov 26 13:39:48 router kernel: SRAT: PXM 0 -> APIC 0x88 -> Node 0
Nov 26 13:39:48 router kernel: SRAT: PXM 0 -> APIC 0x8a -> Node 0
Nov 26 13:39:48 router kernel: SRAT: PXM 0 -> APIC 0x8c -> Node 0
Nov 26 13:39:48 router kernel: SRAT: PXM 0 -> APIC 0x8e -> Node 0
Nov 26 13:39:48 router kernel: SRAT: PXM 0 -> APIC 0x90 -> Node 0
Nov 26 13:39:48 router kernel: SRAT: PXM 0 -> APIC 0x92 -> Node 0
Nov 26 13:39:48 router kernel: SRAT: PXM 0 -> APIC 0x94 -> Node 0
Nov 26 13:39:48 router kernel: SRAT: PXM 0 -> APIC 0x96 -> Node 0
Nov 26 13:39:48 router kernel: SRAT: PXM 0 -> APIC 0x98 -> Node 0
Nov 26 13:39:48 router kernel: SRAT: PXM 0 -> APIC 0x9a -> Node 0
Nov 26 13:39:48 router kernel: SRAT: PXM 0 -> APIC 0x9c -> Node 0
Nov 26 13:39:48 router kernel: SRAT: PXM 0 -> APIC 0x9e -> Node 0
Nov 26 13:39:48 router kernel: SRAT: PXM 0 -> APIC 0xa0 -> Node 0
Nov 26 13:39:48 router kernel: SRAT: PXM 0 -> APIC 0xa2 -> Node 0
Nov 26 13:39:48 router kernel: SRAT: PXM 0 -> APIC 0xa4 -> Node 0
Nov 26 13:39:48 router kernel: SRAT: PXM 0 -> APIC 0xa6 -> Node 0
Nov 26 13:39:48 router kernel: SRAT: PXM 0 -> APIC 0xa8 -> Node 0
Nov 26 13:39:48 router kernel: SRAT: PXM 0 -> APIC 0xaa -> Node 0
Nov 26 13:39:48 router kernel: SRAT: PXM 0 -> APIC 0xac -> Node 0
Nov 26 13:39:48 router kernel: SRAT: PXM 0 -> APIC 0xae -> Node 0
Nov 26 13:39:48 router kernel: SRAT: PXM 0 -> APIC 0xb0 -> Node 0
Nov 26 13:39:48 router kernel: SRAT: PXM 0 -> APIC 0xb2 -> Node 0
Nov 26 13:39:48 router kernel: SRAT: PXM 0 -> APIC 0xb4 -> Node 0
Nov 26 13:39:48 router kernel: SRAT: PXM 0 -> APIC 0xb6 -> Node 0
Nov 26 13:39:48 router kernel: SRAT: PXM 0 -> APIC 0xb8 -> Node 0
Nov 26 13:39:48 router kernel: SRAT: PXM 0 -> APIC 0xba -> Node 0
Nov 26 13:39:48 router kernel: SRAT: PXM 0 -> APIC 0xbc -> Node 0
Nov 26 13:39:48 router kernel: SRAT: PXM 0 -> APIC 0xbe -> Node 0
Nov 26 13:39:48 router kernel: SRAT: PXM 0 -> APIC 0xc0 -> Node 0
Nov 26 13:39:48 router kernel: SRAT: PXM 0 -> APIC 0xc2 -> Node 0
Nov 26 13:39:48 router kernel: SRAT: PXM 0 -> APIC 0xc4 -> Node 0
Nov 26 13:39:48 router kernel: SRAT: PXM 0 -> APIC 0xc6 -> Node 0
Nov 26 13:39:48 router kernel: SRAT: PXM 0 -> APIC 0xc8 -> Node 0
Nov 26 13:39:48 router kernel: SRAT: PXM 0 -> APIC 0xca -> Node 0
Nov 26 13:39:48 router kernel: SRAT: PXM 0 -> APIC 0xcc -> Node 0
Nov 26 13:39:48 router kernel: SRAT: PXM 0 -> APIC 0xce -> Node 0
Nov 26 13:39:48 router kernel: SRAT: PXM 0 -> APIC 0xd0 -> Node 0
Nov 26 13:39:48 router kernel: SRAT: PXM 0 -> APIC 0xd2 -> Node 0
Nov 26 13:39:48 router kernel: SRAT: PXM 0 -> APIC 0xd4 -> Node 0
Nov 26 13:39:48 router kernel: SRAT: PXM 0 -> APIC 0xd6 -> Node 0
Nov 26 13:39:48 router kernel: SRAT: PXM 0 -> APIC 0xd8 -> Node 0
Nov 26 13:39:48 router kernel: SRAT: PXM 0 -> APIC 0xda -> Node 0
Nov 26 13:39:48 router kernel: SRAT: PXM 0 -> APIC 0xdc -> Node 0
Nov 26 13:39:48 router kernel: SRAT: PXM 0 -> APIC 0xde -> Node 0
Nov 26 13:39:48 router kernel: SRAT: PXM 0 -> APIC 0xe0 -> Node 0
Nov 26 13:39:48 router kernel: SRAT: PXM 0 -> APIC 0xe2 -> Node 0
Nov 26 13:39:48 router kernel: SRAT: PXM 0 -> APIC 0xe4 -> Node 0
Nov 26 13:39:48 router kernel: SRAT: PXM 0 -> APIC 0xe6 -> Node 0
Nov 26 13:39:48 router kernel: SRAT: PXM 0 -> APIC 0xe8 -> Node 0
Nov 26 13:39:48 router kernel: SRAT: PXM 0 -> APIC 0xea -> Node 0
Nov 26 13:39:48 router kernel: SRAT: PXM 0 -> APIC 0xec -> Node 0
Nov 26 13:39:48 router kernel: SRAT: PXM 0 -> APIC 0xee -> Node 0
Nov 26 13:39:48 router kernel: SRAT: PXM 0 -> APIC 0xf0 -> Node 0
Nov 26 13:39:48 router kernel: SRAT: PXM 0 -> APIC 0xf2 -> Node 0
Nov 26 13:39:48 router kernel: SRAT: PXM 0 -> APIC 0xf4 -> Node 0
Nov 26 13:39:48 router kernel: SRAT: PXM 0 -> APIC 0xf6 -> Node 0
Nov 26 13:39:48 router kernel: SRAT: PXM 0 -> APIC 0xf8 -> Node 0
Nov 26 13:39:48 router kernel: SRAT: PXM 0 -> APIC 0xfa -> Node 0
Nov 26 13:39:48 router kernel: SRAT: PXM 0 -> APIC 0xfc -> Node 0
Nov 26 13:39:48 router kernel: SRAT: PXM 0 -> APIC 0xfe -> Node 0
Nov 26 13:39:48 router kernel: SRAT: Node 0 PXM 0 [mem 0x00000000-0x0009ffff]
Nov 26 13:39:48 router kernel: SRAT: Node 0 PXM 0 [mem 0x00100000-0x3fffffff]
Nov 26 13:39:48 router kernel: SRAT: Node 0 PXM 0 [mem 0x40000000-0xbfffffff] hotplug
Nov 26 13:39:48 router kernel: NUMA: Node 0 [mem 0x00000000-0x0009ffff] + [mem 0x00100000-0x3fffffff] -> [mem 0x00000000-0x3fffffff]
Nov 26 13:39:48 router kernel: NODE_DATA(0) allocated [mem 0x3ffd9000-0x3fffffff]
Nov 26 13:39:48 router kernel: crashkernel=auto resulted in zero bytes of reserved memory.
Nov 26 13:39:48 router kernel: Zone ranges:
Nov 26 13:39:48 router kernel:  DMA      [mem 0x00001000-0x00ffffff]
Nov 26 13:39:48 router kernel:  DMA32    [mem 0x01000000-0xffffffff]
Nov 26 13:39:48 router kernel:  Normal   empty
Nov 26 13:39:48 router kernel: Movable zone start for each node
Nov 26 13:39:48 router kernel: Early memory node ranges
Nov 26 13:39:48 router kernel:  node   0: [mem 0x00001000-0x0009dfff]
Nov 26 13:39:48 router kernel:  node   0: [mem 0x00100000-0x3fedffff]
Nov 26 13:39:48 router kernel:  node   0: [mem 0x3ff00000-0x3fffffff]
Nov 26 13:39:48 router kernel: Initmem setup node 0 [mem 0x00001000-0x3fffffff]
Nov 26 13:39:48 router kernel: ACPI: PM-Timer IO Port: 0x1008
Nov 26 13:39:48 router kernel: ACPI: LAPIC (acpi_id[0x00] lapic_id[0x00] enabled)
Nov 26 13:39:48 router kernel: ACPI: LAPIC (acpi_id[0x01] lapic_id[0x02] disabled)
Nov 26 13:39:48 router kernel: ACPI: LAPIC (acpi_id[0x02] lapic_id[0x04] disabled)
Nov 26 13:39:48 router kernel: ACPI: LAPIC (acpi_id[0x03] lapic_id[0x06] disabled)
Nov 26 13:39:48 router kernel: ACPI: LAPIC (acpi_id[0x04] lapic_id[0x08] disabled)
Nov 26 13:39:48 router kernel: ACPI: LAPIC (acpi_id[0x05] lapic_id[0x0a] disabled)
Nov 26 13:39:48 router kernel: ACPI: LAPIC (acpi_id[0x06] lapic_id[0x0c] disabled)
Nov 26 13:39:48 router kernel: ACPI: LAPIC (acpi_id[0x07] lapic_id[0x0e] disabled)
Nov 26 13:39:48 router kernel: ACPI: LAPIC (acpi_id[0x08] lapic_id[0x10] disabled)
Nov 26 13:39:48 router kernel: ACPI: LAPIC (acpi_id[0x09] lapic_id[0x12] disabled)
Nov 26 13:39:48 router kernel: ACPI: LAPIC (acpi_id[0x0a] lapic_id[0x14] disabled)
Nov 26 13:39:48 router kernel: ACPI: LAPIC (acpi_id[0x0b] lapic_id[0x16] disabled)
Nov 26 13:39:48 router kernel: ACPI: LAPIC (acpi_id[0x0c] lapic_id[0x18] disabled)
Nov 26 13:39:48 router kernel: ACPI: LAPIC (acpi_id[0x0d] lapic_id[0x1a] disabled)
Nov 26 13:39:48 router kernel: ACPI: LAPIC (acpi_id[0x0e] lapic_id[0x1c] disabled)
Nov 26 13:39:48 router kernel: ACPI: LAPIC (acpi_id[0x0f] lapic_id[0x1e] disabled)
Nov 26 13:39:48 router kernel: ACPI: LAPIC (acpi_id[0x10] lapic_id[0x20] disabled)
Nov 26 13:39:48 router kernel: ACPI: LAPIC (acpi_id[0x11] lapic_id[0x22] disabled)
Nov 26 13:39:48 router kernel: ACPI: LAPIC (acpi_id[0x12] lapic_id[0x24] disabled)
Nov 26 13:39:48 router kernel: ACPI: LAPIC (acpi_id[0x13] lapic_id[0x26] disabled)
Nov 26 13:39:48 router kernel: ACPI: LAPIC (acpi_id[0x14] lapic_id[0x28] disabled)
Nov 26 13:39:48 router kernel: ACPI: LAPIC (acpi_id[0x15] lapic_id[0x2a] disabled)
Nov 26 13:39:48 router kernel: ACPI: LAPIC (acpi_id[0x16] lapic_id[0x2c] disabled)
Nov 26 13:39:48 router kernel: ACPI: LAPIC (acpi_id[0x17] lapic_id[0x2e] disabled)
Nov 26 13:39:48 router kernel: ACPI: LAPIC (acpi_id[0x18] lapic_id[0x30] disabled)
Nov 26 13:39:48 router kernel: ACPI: LAPIC (acpi_id[0x19] lapic_id[0x32] disabled)
Nov 26 13:39:48 router kernel: ACPI: LAPIC (acpi_id[0x1a] lapic_id[0x34] disabled)
Nov 26 13:39:48 router kernel: ACPI: LAPIC (acpi_id[0x1b] lapic_id[0x36] disabled)
Nov 26 13:39:48 router kernel: ACPI: LAPIC (acpi_id[0x1c] lapic_id[0x38] disabled)
Nov 26 13:39:48 router kernel: ACPI: LAPIC (acpi_id[0x1d] lapic_id[0x3a] disabled)
Nov 26 13:39:48 router kernel: ACPI: LAPIC (acpi_id[0x1e] lapic_id[0x3c] disabled)
Nov 26 13:39:48 router kernel: ACPI: LAPIC (acpi_id[0x1f] lapic_id[0x3e] disabled)
Nov 26 13:39:48 router kernel: ACPI: LAPIC (acpi_id[0x20] lapic_id[0x40] disabled)
Nov 26 13:39:48 router kernel: ACPI: LAPIC (acpi_id[0x21] lapic_id[0x42] disabled)
Nov 26 13:39:48 router kernel: ACPI: LAPIC (acpi_id[0x22] lapic_id[0x44] disabled)
Nov 26 13:39:48 router kernel: ACPI: LAPIC (acpi_id[0x23] lapic_id[0x46] disabled)
Nov 26 13:39:48 router kernel: ACPI: LAPIC (acpi_id[0x24] lapic_id[0x48] disabled)
Nov 26 13:39:48 router kernel: ACPI: LAPIC (acpi_id[0x25] lapic_id[0x4a] disabled)
Nov 26 13:39:48 router kernel: ACPI: LAPIC (acpi_id[0x26] lapic_id[0x4c] disabled)
Nov 26 13:39:48 router kernel: ACPI: LAPIC (acpi_id[0x27] lapic_id[0x4e] disabled)
Nov 26 13:39:48 router kernel: ACPI: LAPIC (acpi_id[0x28] lapic_id[0x50] disabled)
Nov 26 13:39:48 router kernel: ACPI: LAPIC (acpi_id[0x29] lapic_id[0x52] disabled)
Nov 26 13:39:48 router kernel: ACPI: LAPIC (acpi_id[0x2a] lapic_id[0x54] disabled)
Nov 26 13:39:48 router kernel: ACPI: LAPIC (acpi_id[0x2b] lapic_id[0x56] disabled)
Nov 26 13:39:48 router kernel: ACPI: LAPIC (acpi_id[0x2c] lapic_id[0x58] disabled)
Nov 26 13:39:48 router kernel: ACPI: LAPIC (acpi_id[0x2d] lapic_id[0x5a] disabled)
Nov 26 13:39:48 router kernel: ACPI: LAPIC (acpi_id[0x2e] lapic_id[0x5c] disabled)
Nov 26 13:39:48 router kernel: ACPI: LAPIC (acpi_id[0x2f] lapic_id[0x5e] disabled)
Nov 26 13:39:48 router kernel: ACPI: LAPIC (acpi_id[0x30] lapic_id[0x60] disabled)
Nov 26 13:39:48 router kernel: ACPI: LAPIC (acpi_id[0x31] lapic_id[0x62] disabled)
Nov 26 13:39:48 router kernel: ACPI: LAPIC (acpi_id[0x32] lapic_id[0x64] disabled)
Nov 26 13:39:48 router kernel: ACPI: LAPIC (acpi_id[0x33] lapic_id[0x66] disabled)
Nov 26 13:39:48 router kernel: ACPI: LAPIC (acpi_id[0x34] lapic_id[0x68] disabled)
Nov 26 13:39:48 router kernel: ACPI: LAPIC (acpi_id[0x35] lapic_id[0x6a] disabled)
Nov 26 13:39:48 router kernel: ACPI: LAPIC (acpi_id[0x36] lapic_id[0x6c] disabled)
Nov 26 13:39:48 router kernel: ACPI: LAPIC (acpi_id[0x37] lapic_id[0x6e] disabled)
Nov 26 13:39:48 router kernel: ACPI: LAPIC (acpi_id[0x38] lapic_id[0x70] disabled)
Nov 26 13:39:48 router kernel: ACPI: LAPIC (acpi_id[0x39] lapic_id[0x72] disabled)
Nov 26 13:39:48 router kernel: ACPI: LAPIC (acpi_id[0x3a] lapic_id[0x74] disabled)
Nov 26 13:39:48 router kernel: ACPI: LAPIC (acpi_id[0x3b] lapic_id[0x76] disabled)
Nov 26 13:39:48 router kernel: ACPI: LAPIC (acpi_id[0x3c] lapic_id[0x78] disabled)
Nov 26 13:39:48 router kernel: ACPI: LAPIC (acpi_id[0x3d] lapic_id[0x7a] disabled)
Nov 26 13:39:48 router kernel: ACPI: LAPIC (acpi_id[0x3e] lapic_id[0x7c] disabled)
Nov 26 13:39:48 router kernel: ACPI: LAPIC (acpi_id[0x3f] lapic_id[0x7e] disabled)
Nov 26 13:39:48 router kernel: ACPI: LAPIC (acpi_id[0x40] lapic_id[0x80] disabled)
Nov 26 13:39:48 router kernel: ACPI: LAPIC (acpi_id[0x41] lapic_id[0x82] disabled)
Nov 26 13:39:48 router kernel: ACPI: LAPIC (acpi_id[0x42] lapic_id[0x84] disabled)
Nov 26 13:39:48 router kernel: ACPI: LAPIC (acpi_id[0x43] lapic_id[0x86] disabled)
Nov 26 13:39:48 router kernel: ACPI: LAPIC (acpi_id[0x44] lapic_id[0x88] disabled)
Nov 26 13:39:48 router kernel: ACPI: LAPIC (acpi_id[0x45] lapic_id[0x8a] disabled)
Nov 26 13:39:48 router kernel: ACPI: LAPIC (acpi_id[0x46] lapic_id[0x8c] disabled)
Nov 26 13:39:48 router kernel: ACPI: LAPIC (acpi_id[0x47] lapic_id[0x8e] disabled)
Nov 26 13:39:48 router kernel: ACPI: LAPIC (acpi_id[0x48] lapic_id[0x90] disabled)
Nov 26 13:39:48 router kernel: ACPI: LAPIC (acpi_id[0x49] lapic_id[0x92] disabled)
Nov 26 13:39:48 router kernel: ACPI: LAPIC (acpi_id[0x4a] lapic_id[0x94] disabled)
Nov 26 13:39:48 router kernel: ACPI: LAPIC (acpi_id[0x4b] lapic_id[0x96] disabled)
Nov 26 13:39:48 router kernel: ACPI: LAPIC (acpi_id[0x4c] lapic_id[0x98] disabled)
Nov 26 13:39:48 router kernel: ACPI: LAPIC (acpi_id[0x4d] lapic_id[0x9a] disabled)
Nov 26 13:39:48 router kernel: ACPI: LAPIC (acpi_id[0x4e] lapic_id[0x9c] disabled)
Nov 26 13:39:48 router kernel: ACPI: LAPIC (acpi_id[0x4f] lapic_id[0x9e] disabled)
Nov 26 13:39:48 router kernel: ACPI: LAPIC (acpi_id[0x50] lapic_id[0xa0] disabled)
Nov 26 13:39:48 router kernel: ACPI: LAPIC (acpi_id[0x51] lapic_id[0xa2] disabled)
Nov 26 13:39:48 router kernel: ACPI: LAPIC (acpi_id[0x52] lapic_id[0xa4] disabled)
Nov 26 13:39:48 router kernel: ACPI: LAPIC (acpi_id[0x53] lapic_id[0xa6] disabled)
Nov 26 13:39:48 router kernel: ACPI: LAPIC (acpi_id[0x54] lapic_id[0xa8] disabled)
Nov 26 13:39:48 router kernel: ACPI: LAPIC (acpi_id[0x55] lapic_id[0xaa] disabled)
Nov 26 13:39:48 router kernel: ACPI: LAPIC (acpi_id[0x56] lapic_id[0xac] disabled)
Nov 26 13:39:48 router kernel: ACPI: LAPIC (acpi_id[0x57] lapic_id[0xae] disabled)
Nov 26 13:39:48 router kernel: ACPI: LAPIC (acpi_id[0x58] lapic_id[0xb0] disabled)
Nov 26 13:39:48 router kernel: ACPI: LAPIC (acpi_id[0x59] lapic_id[0xb2] disabled)
Nov 26 13:39:48 router kernel: ACPI: LAPIC (acpi_id[0x5a] lapic_id[0xb4] disabled)
Nov 26 13:39:48 router kernel: ACPI: LAPIC (acpi_id[0x5b] lapic_id[0xb6] disabled)
Nov 26 13:39:48 router kernel: ACPI: LAPIC (acpi_id[0x5c] lapic_id[0xb8] disabled)
Nov 26 13:39:48 router kernel: ACPI: LAPIC (acpi_id[0x5d] lapic_id[0xba] disabled)
Nov 26 13:39:48 router kernel: ACPI: LAPIC (acpi_id[0x5e] lapic_id[0xbc] disabled)
Nov 26 13:39:48 router kernel: ACPI: LAPIC (acpi_id[0x5f] lapic_id[0xbe] disabled)
Nov 26 13:39:48 router kernel: ACPI: LAPIC (acpi_id[0x60] lapic_id[0xc0] disabled)
Nov 26 13:39:48 router kernel: ACPI: LAPIC (acpi_id[0x61] lapic_id[0xc2] disabled)
Nov 26 13:39:48 router kernel: ACPI: LAPIC (acpi_id[0x62] lapic_id[0xc4] disabled)
Nov 26 13:39:48 router kernel: ACPI: LAPIC (acpi_id[0x63] lapic_id[0xc6] disabled)
Nov 26 13:39:48 router kernel: ACPI: LAPIC (acpi_id[0x64] lapic_id[0xc8] disabled)
Nov 26 13:39:48 router kernel: ACPI: LAPIC (acpi_id[0x65] lapic_id[0xca] disabled)
Nov 26 13:39:48 router kernel: ACPI: LAPIC (acpi_id[0x66] lapic_id[0xcc] disabled)
Nov 26 13:39:48 router kernel: ACPI: LAPIC (acpi_id[0x67] lapic_id[0xce] disabled)
Nov 26 13:39:48 router kernel: ACPI: LAPIC (acpi_id[0x68] lapic_id[0xd0] disabled)
Nov 26 13:39:48 router kernel: ACPI: LAPIC (acpi_id[0x69] lapic_id[0xd2] disabled)
Nov 26 13:39:48 router kernel: ACPI: LAPIC (acpi_id[0x6a] lapic_id[0xd4] disabled)
Nov 26 13:39:48 router kernel: ACPI: LAPIC (acpi_id[0x6b] lapic_id[0xd6] disabled)
Nov 26 13:39:48 router kernel: ACPI: LAPIC (acpi_id[0x6c] lapic_id[0xd8] disabled)
Nov 26 13:39:48 router kernel: ACPI: LAPIC (acpi_id[0x6d] lapic_id[0xda] disabled)
Nov 26 13:39:48 router kernel: ACPI: LAPIC (acpi_id[0x6e] lapic_id[0xdc] disabled)
Nov 26 13:39:48 router kernel: ACPI: LAPIC (acpi_id[0x6f] lapic_id[0xde] disabled)
Nov 26 13:39:48 router kernel: ACPI: LAPIC (acpi_id[0x70] lapic_id[0xe0] disabled)
Nov 26 13:39:48 router kernel: ACPI: LAPIC (acpi_id[0x71] lapic_id[0xe2] disabled)
Nov 26 13:39:48 router kernel: ACPI: LAPIC (acpi_id[0x72] lapic_id[0xe4] disabled)
Nov 26 13:39:48 router kernel: ACPI: LAPIC (acpi_id[0x73] lapic_id[0xe6] disabled)
Nov 26 13:39:48 router kernel: ACPI: LAPIC (acpi_id[0x74] lapic_id[0xe8] disabled)
Nov 26 13:39:48 router kernel: ACPI: LAPIC (acpi_id[0x75] lapic_id[0xea] disabled)
Nov 26 13:39:48 router kernel: ACPI: LAPIC (acpi_id[0x76] lapic_id[0xec] disabled)
Nov 26 13:39:48 router kernel: ACPI: LAPIC (acpi_id[0x77] lapic_id[0xee] disabled)
Nov 26 13:39:48 router kernel: ACPI: LAPIC (acpi_id[0x78] lapic_id[0xf0] disabled)
Nov 26 13:39:48 router kernel: ACPI: LAPIC (acpi_id[0x79] lapic_id[0xf2] disabled)
Nov 26 13:39:48 router kernel: ACPI: LAPIC (acpi_id[0x7a] lapic_id[0xf4] disabled)
Nov 26 13:39:48 router kernel: ACPI: LAPIC (acpi_id[0x7b] lapic_id[0xf6] disabled)
Nov 26 13:39:48 router kernel: ACPI: LAPIC (acpi_id[0x7c] lapic_id[0xf8] disabled)
Nov 26 13:39:48 router kernel: ACPI: LAPIC (acpi_id[0x7d] lapic_id[0xfa] disabled)
Nov 26 13:39:48 router kernel: ACPI: LAPIC (acpi_id[0x7e] lapic_id[0xfc] disabled)
Nov 26 13:39:48 router kernel: ACPI: LAPIC (acpi_id[0x7f] lapic_id[0xfe] disabled)
Nov 26 13:39:48 router kernel: ACPI: LAPIC_NMI (acpi_id[0x00] high edge lint[0x1])
Nov 26 13:39:48 router kernel: ACPI: LAPIC_NMI (acpi_id[0x01] high edge lint[0x1])
Nov 26 13:39:48 router kernel: ACPI: LAPIC_NMI (acpi_id[0x02] high edge lint[0x1])
Nov 26 13:39:48 router kernel: ACPI: LAPIC_NMI (acpi_id[0x03] high edge lint[0x1])
Nov 26 13:39:48 router kernel: ACPI: LAPIC_NMI (acpi_id[0x04] high edge lint[0x1])
Nov 26 13:39:48 router kernel: ACPI: LAPIC_NMI (acpi_id[0x05] high edge lint[0x1])
Nov 26 13:39:48 router kernel: ACPI: LAPIC_NMI (acpi_id[0x06] high edge lint[0x1])
Nov 26 13:39:48 router kernel: ACPI: LAPIC_NMI (acpi_id[0x07] high edge lint[0x1])
Nov 26 13:39:48 router kernel: ACPI: LAPIC_NMI (acpi_id[0x08] high edge lint[0x1])
Nov 26 13:39:48 router kernel: ACPI: LAPIC_NMI (acpi_id[0x09] high edge lint[0x1])
Nov 26 13:39:48 router kernel: ACPI: LAPIC_NMI (acpi_id[0x0a] high edge lint[0x1])
Nov 26 13:39:48 router kernel: ACPI: LAPIC_NMI (acpi_id[0x0b] high edge lint[0x1])
Nov 26 13:39:48 router kernel: ACPI: LAPIC_NMI (acpi_id[0x0c] high edge lint[0x1])
Nov 26 13:39:48 router kernel: ACPI: LAPIC_NMI (acpi_id[0x0d] high edge lint[0x1])
Nov 26 13:39:48 router kernel: ACPI: LAPIC_NMI (acpi_id[0x0e] high edge lint[0x1])
Nov 26 13:39:48 router kernel: ACPI: LAPIC_NMI (acpi_id[0x0f] high edge lint[0x1])
Nov 26 13:39:48 router kernel: ACPI: LAPIC_NMI (acpi_id[0x10] high edge lint[0x1])
Nov 26 13:39:48 router kernel: ACPI: LAPIC_NMI (acpi_id[0x11] high edge lint[0x1])
Nov 26 13:39:48 router kernel: ACPI: LAPIC_NMI (acpi_id[0x12] high edge lint[0x1])
Nov 26 13:39:48 router kernel: ACPI: LAPIC_NMI (acpi_id[0x13] high edge lint[0x1])
Nov 26 13:39:48 router kernel: ACPI: LAPIC_NMI (acpi_id[0x14] high edge lint[0x1])
Nov 26 13:39:48 router kernel: ACPI: LAPIC_NMI (acpi_id[0x15] high edge lint[0x1])
Nov 26 13:39:48 router kernel: ACPI: LAPIC_NMI (acpi_id[0x16] high edge lint[0x1])
Nov 26 13:39:48 router kernel: ACPI: LAPIC_NMI (acpi_id[0x17] high edge lint[0x1])
Nov 26 13:39:48 router kernel: ACPI: LAPIC_NMI (acpi_id[0x18] high edge lint[0x1])
Nov 26 13:39:48 router kernel: ACPI: LAPIC_NMI (acpi_id[0x19] high edge lint[0x1])
Nov 26 13:39:48 router kernel: ACPI: LAPIC_NMI (acpi_id[0x1a] high edge lint[0x1])
Nov 26 13:39:48 router kernel: ACPI: LAPIC_NMI (acpi_id[0x1b] high edge lint[0x1])
Nov 26 13:39:48 router kernel: ACPI: LAPIC_NMI (acpi_id[0x1c] high edge lint[0x1])
Nov 26 13:39:48 router kernel: ACPI: LAPIC_NMI (acpi_id[0x1d] high edge lint[0x1])
Nov 26 13:39:48 router kernel: ACPI: LAPIC_NMI (acpi_id[0x1e] high edge lint[0x1])
Nov 26 13:39:48 router kernel: ACPI: LAPIC_NMI (acpi_id[0x1f] high edge lint[0x1])
Nov 26 13:39:48 router kernel: ACPI: LAPIC_NMI (acpi_id[0x20] high edge lint[0x1])
Nov 26 13:39:48 router kernel: ACPI: LAPIC_NMI (acpi_id[0x21] high edge lint[0x1])
Nov 26 13:39:48 router kernel: ACPI: LAPIC_NMI (acpi_id[0x22] high edge lint[0x1])
Nov 26 13:39:48 router kernel: ACPI: LAPIC_NMI (acpi_id[0x23] high edge lint[0x1])
Nov 26 13:39:48 router kernel: ACPI: LAPIC_NMI (acpi_id[0x24] high edge lint[0x1])
Nov 26 13:39:48 router kernel: ACPI: LAPIC_NMI (acpi_id[0x25] high edge lint[0x1])
Nov 26 13:39:48 router kernel: ACPI: LAPIC_NMI (acpi_id[0x26] high edge lint[0x1])
Nov 26 13:39:48 router kernel: ACPI: LAPIC_NMI (acpi_id[0x27] high edge lint[0x1])
Nov 26 13:39:48 router kernel: ACPI: LAPIC_NMI (acpi_id[0x28] high edge lint[0x1])
Nov 26 13:39:48 router kernel: ACPI: LAPIC_NMI (acpi_id[0x29] high edge lint[0x1])
Nov 26 13:39:48 router kernel: ACPI: LAPIC_NMI (acpi_id[0x2a] high edge lint[0x1])
Nov 26 13:39:48 router kernel: ACPI: LAPIC_NMI (acpi_id[0x2b] high edge lint[0x1])
Nov 26 13:39:48 router kernel: ACPI: LAPIC_NMI (acpi_id[0x2c] high edge lint[0x1])
Nov 26 13:39:48 router kernel: ACPI: LAPIC_NMI (acpi_id[0x2d] high edge lint[0x1])
Nov 26 13:39:48 router kernel: ACPI: LAPIC_NMI (acpi_id[0x2e] high edge lint[0x1])
Nov 26 13:39:48 router kernel: ACPI: LAPIC_NMI (acpi_id[0x2f] high edge lint[0x1])
Nov 26 13:39:48 router kernel: ACPI: LAPIC_NMI (acpi_id[0x30] high edge lint[0x1])
Nov 26 13:39:48 router kernel: ACPI: LAPIC_NMI (acpi_id[0x31] high edge lint[0x1])
Nov 26 13:39:48 router kernel: ACPI: LAPIC_NMI (acpi_id[0x32] high edge lint[0x1])
Nov 26 13:39:48 router kernel: ACPI: LAPIC_NMI (acpi_id[0x33] high edge lint[0x1])
Nov 26 13:39:48 router kernel: ACPI: LAPIC_NMI (acpi_id[0x34] high edge lint[0x1])
Nov 26 13:39:48 router kernel: ACPI: LAPIC_NMI (acpi_id[0x35] high edge lint[0x1])
Nov 26 13:39:48 router kernel: ACPI: LAPIC_NMI (acpi_id[0x36] high edge lint[0x1])
Nov 26 13:39:48 router kernel: ACPI: LAPIC_NMI (acpi_id[0x37] high edge lint[0x1])
Nov 26 13:39:48 router kernel: ACPI: LAPIC_NMI (acpi_id[0x38] high edge lint[0x1])
Nov 26 13:39:48 router kernel: ACPI: LAPIC_NMI (acpi_id[0x39] high edge lint[0x1])
Nov 26 13:39:48 router kernel: ACPI: LAPIC_NMI (acpi_id[0x3a] high edge lint[0x1])
Nov 26 13:39:48 router kernel: ACPI: LAPIC_NMI (acpi_id[0x3b] high edge lint[0x1])
Nov 26 13:39:48 router kernel: ACPI: LAPIC_NMI (acpi_id[0x3c] high edge lint[0x1])
Nov 26 13:39:48 router kernel: ACPI: LAPIC_NMI (acpi_id[0x3d] high edge lint[0x1])
Nov 26 13:39:48 router kernel: ACPI: LAPIC_NMI (acpi_id[0x3e] high edge lint[0x1])
Nov 26 13:39:48 router kernel: ACPI: LAPIC_NMI (acpi_id[0x3f] high edge lint[0x1])
Nov 26 13:39:48 router kernel: ACPI: LAPIC_NMI (acpi_id[0x40] high edge lint[0x1])
Nov 26 13:39:48 router kernel: ACPI: LAPIC_NMI (acpi_id[0x41] high edge lint[0x1])
Nov 26 13:39:48 router kernel: ACPI: LAPIC_NMI (acpi_id[0x42] high edge lint[0x1])
Nov 26 13:39:48 router kernel: ACPI: LAPIC_NMI (acpi_id[0x43] high edge lint[0x1])
Nov 26 13:39:48 router kernel: ACPI: LAPIC_NMI (acpi_id[0x44] high edge lint[0x1])
Nov 26 13:39:48 router kernel: ACPI: LAPIC_NMI (acpi_id[0x45] high edge lint[0x1])
Nov 26 13:39:48 router kernel: ACPI: LAPIC_NMI (acpi_id[0x46] high edge lint[0x1])
Nov 26 13:39:48 router kernel: ACPI: LAPIC_NMI (acpi_id[0x47] high edge lint[0x1])
Nov 26 13:39:48 router kernel: ACPI: LAPIC_NMI (acpi_id[0x48] high edge lint[0x1])
Nov 26 13:39:48 router kernel: ACPI: LAPIC_NMI (acpi_id[0x49] high edge lint[0x1])
Nov 26 13:39:48 router kernel: ACPI: LAPIC_NMI (acpi_id[0x4a] high edge lint[0x1])
Nov 26 13:39:48 router kernel: ACPI: LAPIC_NMI (acpi_id[0x4b] high edge lint[0x1])
Nov 26 13:39:48 router kernel: ACPI: LAPIC_NMI (acpi_id[0x4c] high edge lint[0x1])
Nov 26 13:39:48 router kernel: ACPI: LAPIC_NMI (acpi_id[0x4d] high edge lint[0x1])
Nov 26 13:39:48 router kernel: ACPI: LAPIC_NMI (acpi_id[0x4e] high edge lint[0x1])
Nov 26 13:39:48 router kernel: ACPI: LAPIC_NMI (acpi_id[0x4f] high edge lint[0x1])
Nov 26 13:39:48 router kernel: ACPI: LAPIC_NMI (acpi_id[0x50] high edge lint[0x1])
Nov 26 13:39:48 router kernel: ACPI: LAPIC_NMI (acpi_id[0x51] high edge lint[0x1])
Nov 26 13:39:48 router kernel: ACPI: LAPIC_NMI (acpi_id[0x52] high edge lint[0x1])
Nov 26 13:39:48 router kernel: ACPI: LAPIC_NMI (acpi_id[0x53] high edge lint[0x1])
Nov 26 13:39:48 router kernel: ACPI: LAPIC_NMI (acpi_id[0x54] high edge lint[0x1])
Nov 26 13:39:48 router kernel: ACPI: LAPIC_NMI (acpi_id[0x55] high edge lint[0x1])
Nov 26 13:39:48 router kernel: ACPI: LAPIC_NMI (acpi_id[0x56] high edge lint[0x1])
Nov 26 13:39:48 router kernel: ACPI: LAPIC_NMI (acpi_id[0x57] high edge lint[0x1])
Nov 26 13:39:48 router kernel: ACPI: LAPIC_NMI (acpi_id[0x58] high edge lint[0x1])
Nov 26 13:39:48 router kernel: ACPI: LAPIC_NMI (acpi_id[0x59] high edge lint[0x1])
Nov 26 13:39:48 router kernel: ACPI: LAPIC_NMI (acpi_id[0x5a] high edge lint[0x1])
Nov 26 13:39:48 router kernel: ACPI: LAPIC_NMI (acpi_id[0x5b] high edge lint[0x1])
Nov 26 13:39:48 router kernel: ACPI: LAPIC_NMI (acpi_id[0x5c] high edge lint[0x1])
Nov 26 13:39:48 router kernel: ACPI: LAPIC_NMI (acpi_id[0x5d] high edge lint[0x1])
Nov 26 13:39:48 router kernel: ACPI: LAPIC_NMI (acpi_id[0x5e] high edge lint[0x1])
Nov 26 13:39:48 router kernel: ACPI: LAPIC_NMI (acpi_id[0x5f] high edge lint[0x1])
Nov 26 13:39:48 router kernel: ACPI: LAPIC_NMI (acpi_id[0x60] high edge lint[0x1])
Nov 26 13:39:48 router kernel: ACPI: LAPIC_NMI (acpi_id[0x61] high edge lint[0x1])
Nov 26 13:39:48 router kernel: ACPI: LAPIC_NMI (acpi_id[0x62] high edge lint[0x1])
Nov 26 13:39:48 router kernel: ACPI: LAPIC_NMI (acpi_id[0x63] high edge lint[0x1])
Nov 26 13:39:48 router kernel: ACPI: LAPIC_NMI (acpi_id[0x64] high edge lint[0x1])
Nov 26 13:39:48 router kernel: ACPI: LAPIC_NMI (acpi_id[0x65] high edge lint[0x1])
Nov 26 13:39:48 router kernel: ACPI: LAPIC_NMI (acpi_id[0x66] high edge lint[0x1])
Nov 26 13:39:48 router kernel: ACPI: LAPIC_NMI (acpi_id[0x67] high edge lint[0x1])
Nov 26 13:39:48 router kernel: ACPI: LAPIC_NMI (acpi_id[0x68] high edge lint[0x1])
Nov 26 13:39:48 router kernel: ACPI: LAPIC_NMI (acpi_id[0x69] high edge lint[0x1])
Nov 26 13:39:48 router kernel: ACPI: LAPIC_NMI (acpi_id[0x6a] high edge lint[0x1])
Nov 26 13:39:48 router kernel: ACPI: LAPIC_NMI (acpi_id[0x6b] high edge lint[0x1])
Nov 26 13:39:48 router kernel: ACPI: LAPIC_NMI (acpi_id[0x6c] high edge lint[0x1])
Nov 26 13:39:48 router kernel: ACPI: LAPIC_NMI (acpi_id[0x6d] high edge lint[0x1])
Nov 26 13:39:48 router kernel: ACPI: LAPIC_NMI (acpi_id[0x6e] high edge lint[0x1])
Nov 26 13:39:48 router kernel: ACPI: LAPIC_NMI (acpi_id[0x6f] high edge lint[0x1])
Nov 26 13:39:48 router kernel: ACPI: LAPIC_NMI (acpi_id[0x70] high edge lint[0x1])
Nov 26 13:39:48 router kernel: ACPI: LAPIC_NMI (acpi_id[0x71] high edge lint[0x1])
Nov 26 13:39:48 router kernel: ACPI: LAPIC_NMI (acpi_id[0x72] high edge lint[0x1])
Nov 26 13:39:48 router kernel: ACPI: LAPIC_NMI (acpi_id[0x73] high edge lint[0x1])
Nov 26 13:39:48 router kernel: ACPI: LAPIC_NMI (acpi_id[0x74] high edge lint[0x1])
Nov 26 13:39:48 router kernel: ACPI: LAPIC_NMI (acpi_id[0x75] high edge lint[0x1])
Nov 26 13:39:48 router kernel: ACPI: LAPIC_NMI (acpi_id[0x76] high edge lint[0x1])
Nov 26 13:39:48 router kernel: ACPI: LAPIC_NMI (acpi_id[0x77] high edge lint[0x1])
Nov 26 13:39:48 router kernel: ACPI: LAPIC_NMI (acpi_id[0x78] high edge lint[0x1])
Nov 26 13:39:48 router kernel: ACPI: LAPIC_NMI (acpi_id[0x79] high edge lint[0x1])
Nov 26 13:39:48 router kernel: ACPI: LAPIC_NMI (acpi_id[0x7a] high edge lint[0x1])
Nov 26 13:39:48 router kernel: ACPI: LAPIC_NMI (acpi_id[0x7b] high edge lint[0x1])
Nov 26 13:39:48 router kernel: ACPI: LAPIC_NMI (acpi_id[0x7c] high edge lint[0x1])
Nov 26 13:39:48 router kernel: ACPI: LAPIC_NMI (acpi_id[0x7d] high edge lint[0x1])
Nov 26 13:39:48 router kernel: ACPI: LAPIC_NMI (acpi_id[0x7e] high edge lint[0x1])
Nov 26 13:39:48 router kernel: ACPI: LAPIC_NMI (acpi_id[0x7f] high edge lint[0x1])
Nov 26 13:39:48 router kernel: ACPI: IOAPIC (id[0x01] address[0xfec00000] gsi_base[0])
Nov 26 13:39:48 router kernel: IOAPIC[0]: apic_id 1, version 17, address 0xfec00000, GSI 0-23
Nov 26 13:39:48 router kernel: ACPI: INT_SRC_OVR (bus 0 bus_irq 0 global_irq 2 high edge)
Nov 26 13:39:48 router kernel: Using ACPI (MADT) for SMP configuration information
Nov 26 13:39:48 router kernel: smpboot: Allowing 128 CPUs, 127 hotplug CPUs
Nov 26 13:39:48 router kernel: PM: Registered nosave memory: [mem 0x0009e000-0x0009efff]
Nov 26 13:39:48 router kernel: PM: Registered nosave memory: [mem 0x0009f000-0x0009ffff]
Nov 26 13:39:48 router kernel: PM: Registered nosave memory: [mem 0x000a0000-0x000dbfff]
Nov 26 13:39:48 router kernel: PM: Registered nosave memory: [mem 0x000dc000-0x000fffff]
Nov 26 13:39:48 router kernel: PM: Registered nosave memory: [mem 0x3fee0000-0x3fefefff]
Nov 26 13:39:48 router kernel: PM: Registered nosave memory: [mem 0x3feff000-0x3fefffff]
Nov 26 13:39:48 router kernel: e820: [mem 0x40000000-0xefffffff] available for PCI devices
Nov 26 13:39:48 router kernel: Booting paravirtualized kernel on VMware hypervisor
Nov 26 13:39:48 router kernel: setup_percpu: NR_CPUS:5120 nr_cpumask_bits:128 nr_cpu_ids:128 nr_node_ids:1
Nov 26 13:39:48 router kernel: PERCPU: Embedded 38 pages/cpu @ffff94c47c600000 s118784 r8192 d28672 u262144
Nov 26 13:39:48 router kernel: Built 1 zonelists in Node order, mobility grouping on.  Total pages: 257896
Nov 26 13:39:48 router kernel: Policy zone: DMA32
Nov 26 13:39:48 router kernel: Kernel command line: BOOT_IMAGE=/vmlinuz-3.10.0-1062.4.1.el7.x86_64 root=/dev/mapper/centos-root ro crashkernel=auto rd.lvm.lv=centos/root rd.lvm.lv=centos/swap rhgb quiet LANG=en_US.UTF-8
Nov 26 13:39:48 router kernel: PID hash table entries: 4096 (order: 3, 32768 bytes)
Nov 26 13:39:48 router kernel: x86/fpu: xstate_offset[2]: 0240, xstate_sizes[2]: 0100
Nov 26 13:39:48 router kernel: xsave: enabled xstate_bv 0x7, cntxt size 0x340 using standard form
Nov 26 13:39:48 router kernel: Memory: 972116k/1048576k available (7756k kernel code, 524k absent, 75936k reserved, 5971k data, 1984k init)
Nov 26 13:39:48 router kernel: SLUB: HWalign=64, Order=0-3, MinObjects=0, CPUs=128, Nodes=1
Nov 26 13:39:48 router kernel: x86/pti: Unmapping kernel while in userspace
Nov 26 13:39:48 router kernel: Hierarchical RCU implementation.
Nov 26 13:39:48 router kernel: #011RCU restricting CPUs from NR_CPUS=5120 to nr_cpu_ids=128.
Nov 26 13:39:48 router kernel: NR_IRQS:327936 nr_irqs:1448 0
Nov 26 13:39:48 router kernel: Console: colour VGA+ 80x25
Nov 26 13:39:48 router kernel: console [tty0] enabled
Nov 26 13:39:48 router kernel: allocated 4194304 bytes of page_cgroup
Nov 26 13:39:48 router kernel: please try 'cgroup_disable=memory' option if you don't want memory cgroups
Nov 26 13:39:48 router kernel: tsc: Detected 3601.000 MHz processor
Nov 26 13:39:48 router kernel: Calibrating delay loop (skipped) preset value.. 7202.00 BogoMIPS (lpj=3601000)
Nov 26 13:39:48 router kernel: pid_max: default: 131072 minimum: 1024
Nov 26 13:39:48 router kernel: Security Framework initialized
Nov 26 13:39:48 router kernel: SELinux:  Initializing.
Nov 26 13:39:48 router kernel: Yama: becoming mindful.
Nov 26 13:39:48 router kernel: Dentry cache hash table entries: 131072 (order: 8, 1048576 bytes)
Nov 26 13:39:48 router kernel: Inode-cache hash table entries: 65536 (order: 7, 524288 bytes)
Nov 26 13:39:48 router kernel: Mount-cache hash table entries: 2048 (order: 2, 16384 bytes)
Nov 26 13:39:48 router kernel: Mountpoint-cache hash table entries: 2048 (order: 2, 16384 bytes)
Nov 26 13:39:48 router kernel: Initializing cgroup subsys memory
Nov 26 13:39:48 router kernel: Initializing cgroup subsys devices
Nov 26 13:39:48 router kernel: Initializing cgroup subsys freezer
Nov 26 13:39:48 router kernel: Initializing cgroup subsys net_cls
Nov 26 13:39:48 router kernel: Initializing cgroup subsys blkio
Nov 26 13:39:48 router kernel: Initializing cgroup subsys perf_event
Nov 26 13:39:48 router kernel: Initializing cgroup subsys hugetlb
Nov 26 13:39:48 router kernel: Initializing cgroup subsys pids
Nov 26 13:39:48 router kernel: Initializing cgroup subsys net_prio
Nov 26 13:39:48 router kernel: Disabled fast string operations
Nov 26 13:39:48 router kernel: Last level iTLB entries: 4KB 0, 2MB 0, 4MB 0
Nov 26 13:39:48 router kernel: Last level dTLB entries: 4KB 64, 2MB 0, 4MB 0
Nov 26 13:39:48 router kernel: tlb_flushall_shift: 6
Nov 26 13:39:48 router kernel: FEATURE SPEC_CTRL Present
Nov 26 13:39:48 router kernel: FEATURE IBPB_SUPPORT Present
Nov 26 13:39:48 router kernel: Spectre V1 : Mitigation: Load fences, usercopy/swapgs barriers and __user pointer sanitization
Nov 26 13:39:48 router kernel: Spectre V2 : Enabling Indirect Branch Prediction Barrier
Nov 26 13:39:48 router kernel: Spectre V2 : Mitigation: Full retpoline
Nov 26 13:39:48 router kernel: Speculative Store Bypass: Vulnerable
Nov 26 13:39:48 router kernel: MDS: Vulnerable: Clear CPU buffers attempted, no microcode
Nov 26 13:39:48 router kernel: ACPI: Core revision 20130517
Nov 26 13:39:48 router kernel: ACPI: All ACPI Tables successfully acquired
Nov 26 13:39:48 router kernel: ftrace: allocating 29549 entries in 116 pages
Nov 26 13:39:48 router kernel: Enabling x2apic
Nov 26 13:39:48 router kernel: Enabled x2apic
Nov 26 13:39:48 router kernel: Switched APIC routing to physical x2apic.
Nov 26 13:39:48 router kernel: ..TIMER: vector=0x30 apic1=0 pin1=2 apic2=-1 pin2=-1
Nov 26 13:39:48 router kernel: smpboot: CPU0: Intel(R) Core(TM) i7-4790 CPU @ 3.60GHz (fam: 06, model: 3c, stepping: 03)
Nov 26 13:39:48 router kernel: Performance Events: Haswell events, core PMU driver.
Nov 26 13:39:48 router kernel: core: CPUID marked event: 'cpu cycles' unavailable
Nov 26 13:39:48 router kernel: core: CPUID marked event: 'instructions' unavailable
Nov 26 13:39:48 router kernel: core: CPUID marked event: 'bus cycles' unavailable
Nov 26 13:39:48 router kernel: core: CPUID marked event: 'cache references' unavailable
Nov 26 13:39:48 router kernel: core: CPUID marked event: 'cache misses' unavailable
Nov 26 13:39:48 router kernel: core: CPUID marked event: 'branch instructions' unavailable
Nov 26 13:39:48 router kernel: core: CPUID marked event: 'branch misses' unavailable
Nov 26 13:39:48 router kernel: ... version:                1
Nov 26 13:39:48 router kernel: ... bit width:              48
Nov 26 13:39:48 router kernel: ... generic registers:      4
Nov 26 13:39:48 router kernel: ... value mask:             0000ffffffffffff
Nov 26 13:39:48 router kernel: ... max period:             000000007fffffff
Nov 26 13:39:48 router kernel: ... fixed-purpose events:   0
Nov 26 13:39:48 router kernel: ... event mask:             000000000000000f
Nov 26 13:39:48 router kernel: NMI watchdog: disabled (cpu0): hardware events not enabled
Nov 26 13:39:48 router kernel: NMI watchdog: Shutting down hard lockup detector on all cpus
Nov 26 13:39:48 router kernel: Brought up 1 CPUs
Nov 26 13:39:48 router kernel: smpboot: Max logical packages: 128
Nov 26 13:39:48 router kernel: smpboot: Total of 1 processors activated (7202.00 BogoMIPS)
Nov 26 13:39:48 router kernel: devtmpfs: initialized
Nov 26 13:39:48 router kernel: x86/mm: Memory block size: 128MB
Nov 26 13:39:48 router kernel: EVM: security.selinux
Nov 26 13:39:48 router kernel: EVM: security.ima
Nov 26 13:39:48 router kernel: EVM: security.capability
Nov 26 13:39:48 router kernel: PM: Registering ACPI NVS region [mem 0x3feff000-0x3fefffff] (4096 bytes)
Nov 26 13:39:48 router kernel: atomic64 test passed for x86-64 platform with CX8 and with SSE
Nov 26 13:39:48 router kernel: pinctrl core: initialized pinctrl subsystem
Nov 26 13:39:48 router kernel: RTC time: 18:39:47, date: 11/26/19
Nov 26 13:39:48 router kernel: NET: Registered protocol family 16
Nov 26 13:39:48 router kernel: ACPI: bus type PCI registered
Nov 26 13:39:48 router kernel: acpiphp: ACPI Hot Plug PCI Controller Driver version: 0.5
Nov 26 13:39:48 router kernel: PCI: MMCONFIG for domain 0000 [bus 00-7f] at [mem 0xf0000000-0xf7ffffff] (base 0xf0000000)
Nov 26 13:39:48 router kernel: PCI: MMCONFIG at [mem 0xf0000000-0xf7ffffff] reserved in E820
Nov 26 13:39:48 router kernel: PCI: Using configuration type 1 for base access
Nov 26 13:39:48 router kernel: core: PMU erratum BJ122, BV98, HSD29 workaround disabled, HT off
Nov 26 13:39:48 router kernel: ACPI: Added _OSI(Module Device)
Nov 26 13:39:48 router kernel: ACPI: Added _OSI(Processor Device)
Nov 26 13:39:48 router kernel: ACPI: Added _OSI(3.0 _SCP Extensions)
Nov 26 13:39:48 router kernel: ACPI: Added _OSI(Processor Aggregator Device)
Nov 26 13:39:48 router kernel: ACPI: Added _OSI(Linux-Dell-Video)
Nov 26 13:39:48 router kernel: ACPI: [Firmware Bug]: BIOS _OSI(Linux) query ignored
Nov 26 13:39:48 router kernel: ACPI: Interpreter enabled
Nov 26 13:39:48 router kernel: ACPI: (supports S0 S1 S4 S5)
Nov 26 13:39:48 router kernel: ACPI: Using IOAPIC for interrupt routing
Nov 26 13:39:48 router kernel: PCI: Using host bridge windows from ACPI; if necessary, use "pci=nocrs" and report a bug
Nov 26 13:39:48 router kernel: ACPI: Enabled 4 GPEs in block 00 to 0F
Nov 26 13:39:48 router kernel: ACPI: PCI Root Bridge [PCI0] (domain 0000 [bus 00-7f])
Nov 26 13:39:48 router kernel: acpi PNP0A03:00: _OSC: OS supports [ExtendedConfig ASPM ClockPM Segments MSI]
Nov 26 13:39:48 router kernel: acpi PNP0A03:00: _OSC: platform does not support [AER]
Nov 26 13:39:48 router kernel: acpi PNP0A03:00: _OSC: OS now controls [PCIeHotplug SHPCHotplug PME PCIeCapability]
Nov 26 13:39:48 router kernel: PCI host bridge to bus 0000:00
Nov 26 13:39:48 router kernel: pci_bus 0000:00: root bus resource [mem 0x000a0000-0x000bffff window]
Nov 26 13:39:48 router kernel: pci_bus 0000:00: root bus resource [mem 0x000d0000-0x000d3fff window]
Nov 26 13:39:48 router kernel: pci_bus 0000:00: root bus resource [mem 0x000d4000-0x000d7fff window]
Nov 26 13:39:48 router kernel: pci_bus 0000:00: root bus resource [mem 0x000d8000-0x000dbfff window]
Nov 26 13:39:48 router kernel: pci_bus 0000:00: root bus resource [mem 0xc0000000-0xfebfffff window]
Nov 26 13:39:48 router kernel: pci_bus 0000:00: root bus resource [io  0x0000-0x0cf7 window]
Nov 26 13:39:48 router kernel: pci_bus 0000:00: root bus resource [io  0x0d00-0xfeff window]
Nov 26 13:39:48 router kernel: pci_bus 0000:00: root bus resource [bus 00-7f]
Nov 26 13:39:48 router kernel: pci 0000:00:07.1: legacy IDE quirk: reg 0x10: [io  0x01f0-0x01f7]
Nov 26 13:39:48 router kernel: pci 0000:00:07.1: legacy IDE quirk: reg 0x14: [io  0x03f6]
Nov 26 13:39:48 router kernel: pci 0000:00:07.1: legacy IDE quirk: reg 0x18: [io  0x0170-0x0177]
Nov 26 13:39:48 router kernel: pci 0000:00:07.1: legacy IDE quirk: reg 0x1c: [io  0x0376]
Nov 26 13:39:48 router kernel: pci 0000:00:07.3: quirk: [io  0x1000-0x103f] claimed by PIIX4 ACPI
Nov 26 13:39:48 router kernel: pci 0000:00:07.3: quirk: [io  0x1040-0x104f] claimed by PIIX4 SMB
Nov 26 13:39:48 router kernel: pci 0000:00:11.0: System wakeup disabled by ACPI
Nov 26 13:39:48 router kernel: pci 0000:00:15.0: System wakeup disabled by ACPI
Nov 26 13:39:48 router kernel: pci 0000:00:15.1: System wakeup disabled by ACPI
Nov 26 13:39:48 router kernel: pci 0000:00:15.2: System wakeup disabled by ACPI
Nov 26 13:39:48 router kernel: pci 0000:00:15.3: System wakeup disabled by ACPI
Nov 26 13:39:48 router kernel: pci 0000:00:15.4: System wakeup disabled by ACPI
Nov 26 13:39:48 router kernel: pci 0000:00:15.5: System wakeup disabled by ACPI
Nov 26 13:39:48 router kernel: pci 0000:00:15.6: System wakeup disabled by ACPI
Nov 26 13:39:48 router kernel: pci 0000:00:15.7: System wakeup disabled by ACPI
Nov 26 13:39:48 router kernel: pci 0000:00:16.0: System wakeup disabled by ACPI
Nov 26 13:39:48 router kernel: pci 0000:00:16.1: System wakeup disabled by ACPI
Nov 26 13:39:48 router kernel: pci 0000:00:16.2: System wakeup disabled by ACPI
Nov 26 13:39:48 router kernel: pci 0000:00:16.3: System wakeup disabled by ACPI
Nov 26 13:39:48 router kernel: pci 0000:00:16.4: System wakeup disabled by ACPI
Nov 26 13:39:48 router kernel: pci 0000:00:16.5: System wakeup disabled by ACPI
Nov 26 13:39:48 router kernel: pci 0000:00:16.6: System wakeup disabled by ACPI
Nov 26 13:39:48 router kernel: pci 0000:00:16.7: System wakeup disabled by ACPI
Nov 26 13:39:48 router kernel: pci 0000:00:17.0: System wakeup disabled by ACPI
Nov 26 13:39:48 router kernel: pci 0000:00:17.1: System wakeup disabled by ACPI
Nov 26 13:39:48 router kernel: pci 0000:00:17.2: System wakeup disabled by ACPI
Nov 26 13:39:48 router kernel: pci 0000:00:17.3: System wakeup disabled by ACPI
Nov 26 13:39:48 router kernel: pci 0000:00:17.4: System wakeup disabled by ACPI
Nov 26 13:39:48 router kernel: pci 0000:00:17.5: System wakeup disabled by ACPI
Nov 26 13:39:48 router kernel: pci 0000:00:17.6: System wakeup disabled by ACPI
Nov 26 13:39:48 router kernel: pci 0000:00:17.7: System wakeup disabled by ACPI
Nov 26 13:39:48 router kernel: pci 0000:00:18.0: System wakeup disabled by ACPI
Nov 26 13:39:48 router kernel: pci 0000:00:18.1: System wakeup disabled by ACPI
Nov 26 13:39:48 router kernel: pci 0000:00:18.2: System wakeup disabled by ACPI
Nov 26 13:39:48 router kernel: pci 0000:00:18.3: System wakeup disabled by ACPI
Nov 26 13:39:48 router kernel: pci 0000:00:18.4: System wakeup disabled by ACPI
Nov 26 13:39:48 router kernel: pci 0000:00:18.5: System wakeup disabled by ACPI
Nov 26 13:39:48 router kernel: pci 0000:00:18.6: System wakeup disabled by ACPI
Nov 26 13:39:48 router kernel: pci 0000:00:18.7: System wakeup disabled by ACPI
Nov 26 13:39:48 router kernel: pci 0000:00:01.0: PCI bridge to [bus 01]
Nov 26 13:39:48 router kernel: acpiphp: Slot [32] registered
Nov 26 13:39:48 router kernel: acpiphp: Slot [33] registered
Nov 26 13:39:48 router kernel: acpiphp: Slot [34] registered
Nov 26 13:39:48 router kernel: acpiphp: Slot [35] registered
Nov 26 13:39:48 router kernel: acpiphp: Slot [36] registered
Nov 26 13:39:48 router kernel: acpiphp: Slot [37] registered
Nov 26 13:39:48 router kernel: acpiphp: Slot [38] registered
Nov 26 13:39:48 router kernel: acpiphp: Slot [39] registered
Nov 26 13:39:48 router kernel: acpiphp: Slot [40] registered
Nov 26 13:39:48 router kernel: acpiphp: Slot [41] registered
Nov 26 13:39:48 router kernel: acpiphp: Slot [42] registered
Nov 26 13:39:48 router kernel: acpiphp: Slot [43] registered
Nov 26 13:39:48 router kernel: acpiphp: Slot [44] registered
Nov 26 13:39:48 router kernel: acpiphp: Slot [45] registered
Nov 26 13:39:48 router kernel: acpiphp: Slot [46] registered
Nov 26 13:39:48 router kernel: acpiphp: Slot [47] registered
Nov 26 13:39:48 router kernel: acpiphp: Slot [48] registered
Nov 26 13:39:48 router kernel: acpiphp: Slot [49] registered
Nov 26 13:39:48 router kernel: acpiphp: Slot [50] registered
Nov 26 13:39:48 router kernel: acpiphp: Slot [51] registered
Nov 26 13:39:48 router kernel: acpiphp: Slot [52] registered
Nov 26 13:39:48 router kernel: acpiphp: Slot [53] registered
Nov 26 13:39:48 router kernel: acpiphp: Slot [54] registered
Nov 26 13:39:48 router kernel: acpiphp: Slot [55] registered
Nov 26 13:39:48 router kernel: acpiphp: Slot [56] registered
Nov 26 13:39:48 router kernel: acpiphp: Slot [57] registered
Nov 26 13:39:48 router kernel: acpiphp: Slot [58] registered
Nov 26 13:39:48 router kernel: acpiphp: Slot [59] registered
Nov 26 13:39:48 router kernel: acpiphp: Slot [60] registered
Nov 26 13:39:48 router kernel: acpiphp: Slot [61] registered
Nov 26 13:39:48 router kernel: acpiphp: Slot [62] registered
Nov 26 13:39:48 router kernel: acpiphp: Slot [63] registered
Nov 26 13:39:48 router kernel: pci 0000:02:00.0: System wakeup disabled by ACPI
Nov 26 13:39:48 router kernel: pci 0000:02:01.0: System wakeup disabled by ACPI
Nov 26 13:39:48 router kernel: pci 0000:02:02.0: System wakeup disabled by ACPI
Nov 26 13:39:48 router kernel: pci 0000:02:03.0: System wakeup disabled by ACPI
Nov 26 13:39:48 router kernel: pci 0000:02:04.0: System wakeup disabled by ACPI
Nov 26 13:39:48 router kernel: pci 0000:02:05.0: System wakeup disabled by ACPI
Nov 26 13:39:48 router kernel: pci 0000:00:11.0: PCI bridge to [bus 02] (subtractive decode)
Nov 26 13:39:48 router kernel: pci 0000:00:15.0: PCI bridge to [bus 03]
Nov 26 13:39:48 router kernel: pci 0000:00:15.1: PCI bridge to [bus 04]
Nov 26 13:39:48 router kernel: pci 0000:00:15.2: PCI bridge to [bus 05]
Nov 26 13:39:48 router kernel: pci 0000:00:15.3: PCI bridge to [bus 06]
Nov 26 13:39:48 router kernel: pci 0000:00:15.4: PCI bridge to [bus 07]
Nov 26 13:39:48 router kernel: pci 0000:00:15.5: PCI bridge to [bus 08]
Nov 26 13:39:48 router kernel: pci 0000:00:15.6: PCI bridge to [bus 09]
Nov 26 13:39:48 router kernel: pci 0000:00:15.7: PCI bridge to [bus 0a]
Nov 26 13:39:48 router kernel: pci 0000:00:16.0: PCI bridge to [bus 0b]
Nov 26 13:39:48 router kernel: pci 0000:00:16.1: PCI bridge to [bus 0c]
Nov 26 13:39:48 router kernel: pci 0000:00:16.2: PCI bridge to [bus 0d]
Nov 26 13:39:48 router kernel: pci 0000:00:16.3: PCI bridge to [bus 0e]
Nov 26 13:39:48 router kernel: pci 0000:00:16.4: PCI bridge to [bus 0f]
Nov 26 13:39:48 router kernel: pci 0000:00:16.5: PCI bridge to [bus 10]
Nov 26 13:39:48 router kernel: pci 0000:00:16.6: PCI bridge to [bus 11]
Nov 26 13:39:48 router kernel: pci 0000:00:16.7: PCI bridge to [bus 12]
Nov 26 13:39:48 router kernel: pci 0000:00:17.0: PCI bridge to [bus 13]
Nov 26 13:39:48 router kernel: pci 0000:00:17.1: PCI bridge to [bus 14]
Nov 26 13:39:48 router kernel: pci 0000:00:17.2: PCI bridge to [bus 15]
Nov 26 13:39:48 router kernel: pci 0000:00:17.3: PCI bridge to [bus 16]
Nov 26 13:39:48 router kernel: pci 0000:00:17.4: PCI bridge to [bus 17]
Nov 26 13:39:48 router kernel: pci 0000:00:17.5: PCI bridge to [bus 18]
Nov 26 13:39:48 router kernel: pci 0000:00:17.6: PCI bridge to [bus 19]
Nov 26 13:39:48 router kernel: pci 0000:00:17.7: PCI bridge to [bus 1a]
Nov 26 13:39:48 router kernel: pci 0000:00:18.0: PCI bridge to [bus 1b]
Nov 26 13:39:48 router kernel: pci 0000:00:18.1: PCI bridge to [bus 1c]
Nov 26 13:39:48 router kernel: pci 0000:00:18.2: PCI bridge to [bus 1d]
Nov 26 13:39:48 router kernel: pci 0000:00:18.3: PCI bridge to [bus 1e]
Nov 26 13:39:48 router kernel: pci 0000:00:18.4: PCI bridge to [bus 1f]
Nov 26 13:39:48 router kernel: pci 0000:00:18.5: PCI bridge to [bus 20]
Nov 26 13:39:48 router kernel: pci 0000:00:18.6: PCI bridge to [bus 21]
Nov 26 13:39:48 router kernel: pci 0000:00:18.7: PCI bridge to [bus 22]
Nov 26 13:39:48 router kernel: ACPI: PCI Interrupt Link [LNKA] (IRQs 3 4 5 6 7 *9 10 11 14 15)
Nov 26 13:39:48 router kernel: ACPI: PCI Interrupt Link [LNKB] (IRQs 3 4 5 6 7 9 10 *11 14 15)
Nov 26 13:39:48 router kernel: ACPI: PCI Interrupt Link [LNKC] (IRQs 3 4 5 6 7 9 *10 11 14 15)
Nov 26 13:39:48 router kernel: ACPI: PCI Interrupt Link [LNKD] (IRQs 3 4 5 6 *7 9 10 11 14 15)
Nov 26 13:39:48 router kernel: vgaarb: device added: PCI:0000:00:0f.0,decodes=io+mem,owns=io+mem,locks=none
Nov 26 13:39:48 router kernel: vgaarb: loaded
Nov 26 13:39:48 router kernel: vgaarb: bridge control possible 0000:00:0f.0
Nov 26 13:39:48 router kernel: SCSI subsystem initialized
Nov 26 13:39:48 router kernel: ACPI: bus type USB registered
Nov 26 13:39:48 router kernel: usbcore: registered new interface driver usbfs
Nov 26 13:39:48 router kernel: usbcore: registered new interface driver hub
Nov 26 13:39:48 router kernel: usbcore: registered new device driver usb
Nov 26 13:39:48 router kernel: EDAC MC: Ver: 3.0.0
Nov 26 13:39:48 router kernel: PCI: Using ACPI for IRQ routing
Nov 26 13:39:48 router kernel: NetLabel: Initializing
Nov 26 13:39:48 router kernel: NetLabel:  domain hash size = 128
Nov 26 13:39:48 router kernel: NetLabel:  protocols = UNLABELED CIPSOv4
Nov 26 13:39:48 router kernel: NetLabel:  unlabeled traffic allowed by default
Nov 26 13:39:48 router kernel: amd_nb: Cannot enumerate AMD northbridges
Nov 26 13:39:48 router kernel: Switched to clocksource refined-jiffies
Nov 26 13:39:48 router kernel: pnp: PnP ACPI init
Nov 26 13:39:48 router kernel: ACPI: bus type PNP registered
Nov 26 13:39:48 router kernel: system 00:00: [io  0x1000-0x103f] could not be reserved
Nov 26 13:39:48 router kernel: system 00:00: [io  0x1040-0x104f] has been reserved
Nov 26 13:39:48 router kernel: system 00:00: [io  0x0cf0-0x0cf1] has been reserved
Nov 26 13:39:48 router kernel: system 00:04: [io  0xfce0-0xfcff] has been reserved
Nov 26 13:39:48 router kernel: system 00:04: [mem 0xf0000000-0xf7ffffff] has been reserved
Nov 26 13:39:48 router kernel: system 00:04: [mem 0xfe800000-0xfe9fffff] has been reserved
Nov 26 13:39:48 router kernel: pnp: PnP ACPI: found 5 devices
Nov 26 13:39:48 router kernel: ACPI: bus type PNP unregistered
Nov 26 13:39:48 router kernel: Switched to clocksource acpi_pm
Nov 26 13:39:48 router kernel: pci 0000:00:0f.0: BAR 6: assigned [mem 0xc0000000-0xc0007fff pref]
Nov 26 13:39:48 router kernel: pci 0000:00:10.0: BAR 6: assigned [mem 0xc0008000-0xc000bfff pref]
Nov 26 13:39:48 router kernel: pci 0000:00:15.3: BAR 13: no space for [io  size 0x1000]
Nov 26 13:39:48 router kernel: pci 0000:00:15.3: BAR 13: failed to assign [io  size 0x1000]
Nov 26 13:39:48 router kernel: pci 0000:00:15.4: BAR 13: no space for [io  size 0x1000]
Nov 26 13:39:48 router kernel: pci 0000:00:15.4: BAR 13: failed to assign [io  size 0x1000]
Nov 26 13:39:48 router kernel: pci 0000:00:15.5: BAR 13: no space for [io  size 0x1000]
Nov 26 13:39:48 router kernel: pci 0000:00:15.5: BAR 13: failed to assign [io  size 0x1000]
Nov 26 13:39:48 router kernel: pci 0000:00:15.6: BAR 13: no space for [io  size 0x1000]
Nov 26 13:39:48 router kernel: pci 0000:00:15.6: BAR 13: failed to assign [io  size 0x1000]
Nov 26 13:39:48 router kernel: pci 0000:00:15.7: BAR 13: no space for [io  size 0x1000]
Nov 26 13:39:48 router kernel: pci 0000:00:15.7: BAR 13: failed to assign [io  size 0x1000]
Nov 26 13:39:48 router kernel: pci 0000:00:16.3: BAR 13: no space for [io  size 0x1000]
Nov 26 13:39:48 router kernel: pci 0000:00:16.3: BAR 13: failed to assign [io  size 0x1000]
Nov 26 13:39:48 router kernel: pci 0000:00:16.4: BAR 13: no space for [io  size 0x1000]
Nov 26 13:39:48 router kernel: pci 0000:00:16.4: BAR 13: failed to assign [io  size 0x1000]
Nov 26 13:39:48 router kernel: pci 0000:00:16.5: BAR 13: no space for [io  size 0x1000]
Nov 26 13:39:48 router kernel: pci 0000:00:16.5: BAR 13: failed to assign [io  size 0x1000]
Nov 26 13:39:48 router kernel: pci 0000:00:16.6: BAR 13: no space for [io  size 0x1000]
Nov 26 13:39:48 router kernel: pci 0000:00:16.6: BAR 13: failed to assign [io  size 0x1000]
Nov 26 13:39:48 router kernel: pci 0000:00:16.7: BAR 13: no space for [io  size 0x1000]
Nov 26 13:39:48 router kernel: pci 0000:00:16.7: BAR 13: failed to assign [io  size 0x1000]
Nov 26 13:39:48 router kernel: pci 0000:00:17.3: BAR 13: no space for [io  size 0x1000]
Nov 26 13:39:48 router kernel: pci 0000:00:17.3: BAR 13: failed to assign [io  size 0x1000]
Nov 26 13:39:48 router kernel: pci 0000:00:17.4: BAR 13: no space for [io  size 0x1000]
Nov 26 13:39:48 router kernel: pci 0000:00:17.4: BAR 13: failed to assign [io  size 0x1000]
Nov 26 13:39:48 router kernel: pci 0000:00:17.5: BAR 13: no space for [io  size 0x1000]
Nov 26 13:39:48 router kernel: pci 0000:00:17.5: BAR 13: failed to assign [io  size 0x1000]
Nov 26 13:39:48 router kernel: pci 0000:00:17.6: BAR 13: no space for [io  size 0x1000]
Nov 26 13:39:48 router kernel: pci 0000:00:17.6: BAR 13: failed to assign [io  size 0x1000]
Nov 26 13:39:48 router kernel: pci 0000:00:17.7: BAR 13: no space for [io  size 0x1000]
Nov 26 13:39:48 router kernel: pci 0000:00:17.7: BAR 13: failed to assign [io  size 0x1000]
Nov 26 13:39:48 router kernel: pci 0000:00:18.2: BAR 13: no space for [io  size 0x1000]
Nov 26 13:39:48 router kernel: pci 0000:00:18.2: BAR 13: failed to assign [io  size 0x1000]
Nov 26 13:39:48 router kernel: pci 0000:00:18.3: BAR 13: no space for [io  size 0x1000]
Nov 26 13:39:48 router kernel: pci 0000:00:18.3: BAR 13: failed to assign [io  size 0x1000]
Nov 26 13:39:48 router kernel: pci 0000:00:18.4: BAR 13: no space for [io  size 0x1000]
Nov 26 13:39:48 router kernel: pci 0000:00:18.4: BAR 13: failed to assign [io  size 0x1000]
Nov 26 13:39:48 router kernel: pci 0000:00:18.5: BAR 13: no space for [io  size 0x1000]
Nov 26 13:39:48 router kernel: pci 0000:00:18.5: BAR 13: failed to assign [io  size 0x1000]
Nov 26 13:39:48 router kernel: pci 0000:00:18.6: BAR 13: no space for [io  size 0x1000]
Nov 26 13:39:48 router kernel: pci 0000:00:18.6: BAR 13: failed to assign [io  size 0x1000]
Nov 26 13:39:48 router kernel: pci 0000:00:18.7: BAR 13: no space for [io  size 0x1000]
Nov 26 13:39:48 router kernel: pci 0000:00:18.7: BAR 13: failed to assign [io  size 0x1000]
Nov 26 13:39:48 router kernel: pci 0000:00:18.7: BAR 13: no space for [io  size 0x1000]
Nov 26 13:39:48 router kernel: pci 0000:00:18.7: BAR 13: failed to assign [io  size 0x1000]
Nov 26 13:39:48 router kernel: pci 0000:00:18.6: BAR 13: no space for [io  size 0x1000]
Nov 26 13:39:48 router kernel: pci 0000:00:18.6: BAR 13: failed to assign [io  size 0x1000]
Nov 26 13:39:48 router kernel: pci 0000:00:18.5: BAR 13: no space for [io  size 0x1000]
Nov 26 13:39:48 router kernel: pci 0000:00:18.5: BAR 13: failed to assign [io  size 0x1000]
Nov 26 13:39:48 router kernel: pci 0000:00:18.4: BAR 13: no space for [io  size 0x1000]
Nov 26 13:39:48 router kernel: pci 0000:00:18.4: BAR 13: failed to assign [io  size 0x1000]
Nov 26 13:39:48 router kernel: pci 0000:00:18.3: BAR 13: no space for [io  size 0x1000]
Nov 26 13:39:48 router kernel: pci 0000:00:18.3: BAR 13: failed to assign [io  size 0x1000]
Nov 26 13:39:48 router kernel: pci 0000:00:18.2: BAR 13: no space for [io  size 0x1000]
Nov 26 13:39:48 router kernel: pci 0000:00:18.2: BAR 13: failed to assign [io  size 0x1000]
Nov 26 13:39:48 router kernel: pci 0000:00:17.7: BAR 13: no space for [io  size 0x1000]
Nov 26 13:39:48 router kernel: pci 0000:00:17.7: BAR 13: failed to assign [io  size 0x1000]
Nov 26 13:39:48 router kernel: pci 0000:00:17.6: BAR 13: no space for [io  size 0x1000]
Nov 26 13:39:48 router kernel: pci 0000:00:17.6: BAR 13: failed to assign [io  size 0x1000]
Nov 26 13:39:48 router kernel: pci 0000:00:17.5: BAR 13: no space for [io  size 0x1000]
Nov 26 13:39:48 router kernel: pci 0000:00:17.5: BAR 13: failed to assign [io  size 0x1000]
Nov 26 13:39:48 router kernel: pci 0000:00:17.4: BAR 13: no space for [io  size 0x1000]
Nov 26 13:39:48 router kernel: pci 0000:00:17.4: BAR 13: failed to assign [io  size 0x1000]
Nov 26 13:39:48 router kernel: pci 0000:00:17.3: BAR 13: no space for [io  size 0x1000]
Nov 26 13:39:48 router kernel: pci 0000:00:17.3: BAR 13: failed to assign [io  size 0x1000]
Nov 26 13:39:48 router kernel: pci 0000:00:16.7: BAR 13: no space for [io  size 0x1000]
Nov 26 13:39:48 router kernel: pci 0000:00:16.7: BAR 13: failed to assign [io  size 0x1000]
Nov 26 13:39:48 router kernel: pci 0000:00:16.6: BAR 13: no space for [io  size 0x1000]
Nov 26 13:39:48 router kernel: pci 0000:00:16.6: BAR 13: failed to assign [io  size 0x1000]
Nov 26 13:39:48 router kernel: pci 0000:00:16.5: BAR 13: no space for [io  size 0x1000]
Nov 26 13:39:48 router kernel: pci 0000:00:16.5: BAR 13: failed to assign [io  size 0x1000]
Nov 26 13:39:48 router kernel: pci 0000:00:16.4: BAR 13: no space for [io  size 0x1000]
Nov 26 13:39:48 router kernel: pci 0000:00:16.4: BAR 13: failed to assign [io  size 0x1000]
Nov 26 13:39:48 router kernel: pci 0000:00:16.3: BAR 13: no space for [io  size 0x1000]
Nov 26 13:39:48 router kernel: pci 0000:00:16.3: BAR 13: failed to assign [io  size 0x1000]
Nov 26 13:39:48 router kernel: pci 0000:00:15.7: BAR 13: no space for [io  size 0x1000]
Nov 26 13:39:48 router kernel: pci 0000:00:15.7: BAR 13: failed to assign [io  size 0x1000]
Nov 26 13:39:48 router kernel: pci 0000:00:15.6: BAR 13: no space for [io  size 0x1000]
Nov 26 13:39:48 router kernel: pci 0000:00:15.6: BAR 13: failed to assign [io  size 0x1000]
Nov 26 13:39:48 router kernel: pci 0000:00:15.5: BAR 13: no space for [io  size 0x1000]
Nov 26 13:39:48 router kernel: pci 0000:00:15.5: BAR 13: failed to assign [io  size 0x1000]
Nov 26 13:39:48 router kernel: pci 0000:00:15.4: BAR 13: no space for [io  size 0x1000]
Nov 26 13:39:48 router kernel: pci 0000:00:15.4: BAR 13: failed to assign [io  size 0x1000]
Nov 26 13:39:48 router kernel: pci 0000:00:15.3: BAR 13: no space for [io  size 0x1000]
Nov 26 13:39:48 router kernel: pci 0000:00:15.3: BAR 13: failed to assign [io  size 0x1000]
Nov 26 13:39:48 router kernel: pci 0000:00:01.0: PCI bridge to [bus 01]
Nov 26 13:39:48 router kernel: pci 0000:02:01.0: BAR 6: assigned [mem 0xfd500000-0xfd50ffff pref]
Nov 26 13:39:48 router kernel: pci 0000:02:02.0: BAR 6: assigned [mem 0xfd510000-0xfd51ffff pref]
Nov 26 13:39:48 router kernel: pci 0000:02:03.0: BAR 6: assigned [mem 0xfd520000-0xfd52ffff pref]
Nov 26 13:39:48 router kernel: pci 0000:02:04.0: BAR 6: assigned [mem 0xfd5c0000-0xfd5cffff pref]
Nov 26 13:39:48 router kernel: pci 0000:00:11.0: PCI bridge to [bus 02]
Nov 26 13:39:48 router kernel: pci 0000:00:11.0:   bridge window [io  0x2000-0x3fff]
Nov 26 13:39:48 router kernel: pci 0000:00:11.0:   bridge window [mem 0xfd500000-0xfdffffff]
Nov 26 13:39:48 router kernel: pci 0000:00:11.0:   bridge window [mem 0xe7b00000-0xe7ffffff 64bit pref]
Nov 26 13:39:48 router kernel: pci 0000:00:15.0: PCI bridge to [bus 03]
Nov 26 13:39:48 router kernel: pci 0000:00:15.0:   bridge window [io  0x4000-0x4fff]
Nov 26 13:39:48 router kernel: pci 0000:00:15.0:   bridge window [mem 0xfd400000-0xfd4fffff]
Nov 26 13:39:48 router kernel: pci 0000:00:15.0:   bridge window [mem 0xe7a00000-0xe7afffff 64bit pref]
Nov 26 13:39:48 router kernel: pci 0000:00:15.1: PCI bridge to [bus 04]
Nov 26 13:39:48 router kernel: pci 0000:00:15.1:   bridge window [io  0x8000-0x8fff]
Nov 26 13:39:48 router kernel: pci 0000:00:15.1:   bridge window [mem 0xfd000000-0xfd0fffff]
Nov 26 13:39:48 router kernel: pci 0000:00:15.1:   bridge window [mem 0xe7600000-0xe76fffff 64bit pref]
Nov 26 13:39:48 router kernel: pci 0000:00:15.2: PCI bridge to [bus 05]
Nov 26 13:39:48 router kernel: pci 0000:00:15.2:   bridge window [io  0xc000-0xcfff]
Nov 26 13:39:48 router kernel: pci 0000:00:15.2:   bridge window [mem 0xfcc00000-0xfccfffff]
Nov 26 13:39:48 router kernel: pci 0000:00:15.2:   bridge window [mem 0xe7200000-0xe72fffff 64bit pref]
Nov 26 13:39:48 router kernel: pci 0000:00:15.3: PCI bridge to [bus 06]
Nov 26 13:39:48 router kernel: pci 0000:00:15.3:   bridge window [mem 0xfc800000-0xfc8fffff]
Nov 26 13:39:48 router kernel: pci 0000:00:15.3:   bridge window [mem 0xe6e00000-0xe6efffff 64bit pref]
Nov 26 13:39:48 router kernel: pci 0000:00:15.4: PCI bridge to [bus 07]
Nov 26 13:39:48 router kernel: pci 0000:00:15.4:   bridge window [mem 0xfc400000-0xfc4fffff]
Nov 26 13:39:48 router kernel: pci 0000:00:15.4:   bridge window [mem 0xe6a00000-0xe6afffff 64bit pref]
Nov 26 13:39:48 router kernel: pci 0000:00:15.5: PCI bridge to [bus 08]
Nov 26 13:39:48 router kernel: pci 0000:00:15.5:   bridge window [mem 0xfc000000-0xfc0fffff]
Nov 26 13:39:48 router kernel: pci 0000:00:15.5:   bridge window [mem 0xe6600000-0xe66fffff 64bit pref]
Nov 26 13:39:48 router kernel: pci 0000:00:15.6: PCI bridge to [bus 09]
Nov 26 13:39:48 router kernel: pci 0000:00:15.6:   bridge window [mem 0xfbc00000-0xfbcfffff]
Nov 26 13:39:48 router kernel: pci 0000:00:15.6:   bridge window [mem 0xe6200000-0xe62fffff 64bit pref]
Nov 26 13:39:48 router kernel: pci 0000:00:15.7: PCI bridge to [bus 0a]
Nov 26 13:39:48 router kernel: pci 0000:00:15.7:   bridge window [mem 0xfb800000-0xfb8fffff]
Nov 26 13:39:48 router kernel: pci 0000:00:15.7:   bridge window [mem 0xe5e00000-0xe5efffff 64bit pref]
Nov 26 13:39:48 router kernel: pci 0000:00:16.0: PCI bridge to [bus 0b]
Nov 26 13:39:48 router kernel: pci 0000:00:16.0:   bridge window [io  0x5000-0x5fff]
Nov 26 13:39:48 router kernel: pci 0000:00:16.0:   bridge window [mem 0xfd300000-0xfd3fffff]
Nov 26 13:39:48 router kernel: pci 0000:00:16.0:   bridge window [mem 0xe7900000-0xe79fffff 64bit pref]
Nov 26 13:39:48 router kernel: pci 0000:00:16.1: PCI bridge to [bus 0c]
Nov 26 13:39:48 router kernel: pci 0000:00:16.1:   bridge window [io  0x9000-0x9fff]
Nov 26 13:39:48 router kernel: pci 0000:00:16.1:   bridge window [mem 0xfcf00000-0xfcffffff]
Nov 26 13:39:48 router kernel: pci 0000:00:16.1:   bridge window [mem 0xe7500000-0xe75fffff 64bit pref]
Nov 26 13:39:48 router kernel: pci 0000:00:16.2: PCI bridge to [bus 0d]
Nov 26 13:39:48 router kernel: pci 0000:00:16.2:   bridge window [io  0xd000-0xdfff]
Nov 26 13:39:48 router kernel: pci 0000:00:16.2:   bridge window [mem 0xfcb00000-0xfcbfffff]
Nov 26 13:39:48 router kernel: pci 0000:00:16.2:   bridge window [mem 0xe7100000-0xe71fffff 64bit pref]
Nov 26 13:39:48 router kernel: pci 0000:00:16.3: PCI bridge to [bus 0e]
Nov 26 13:39:48 router kernel: pci 0000:00:16.3:   bridge window [mem 0xfc700000-0xfc7fffff]
Nov 26 13:39:48 router kernel: pci 0000:00:16.3:   bridge window [mem 0xe6d00000-0xe6dfffff 64bit pref]
Nov 26 13:39:48 router kernel: pci 0000:00:16.4: PCI bridge to [bus 0f]
Nov 26 13:39:48 router kernel: pci 0000:00:16.4:   bridge window [mem 0xfc300000-0xfc3fffff]
Nov 26 13:39:48 router kernel: pci 0000:00:16.4:   bridge window [mem 0xe6900000-0xe69fffff 64bit pref]
Nov 26 13:39:48 router kernel: pci 0000:00:16.5: PCI bridge to [bus 10]
Nov 26 13:39:48 router kernel: pci 0000:00:16.5:   bridge window [mem 0xfbf00000-0xfbffffff]
Nov 26 13:39:48 router kernel: pci 0000:00:16.5:   bridge window [mem 0xe6500000-0xe65fffff 64bit pref]
Nov 26 13:39:48 router kernel: pci 0000:00:16.6: PCI bridge to [bus 11]
Nov 26 13:39:48 router kernel: pci 0000:00:16.6:   bridge window [mem 0xfbb00000-0xfbbfffff]
Nov 26 13:39:48 router kernel: pci 0000:00:16.6:   bridge window [mem 0xe6100000-0xe61fffff 64bit pref]
Nov 26 13:39:48 router kernel: pci 0000:00:16.7: PCI bridge to [bus 12]
Nov 26 13:39:48 router kernel: pci 0000:00:16.7:   bridge window [mem 0xfb700000-0xfb7fffff]
Nov 26 13:39:48 router kernel: pci 0000:00:16.7:   bridge window [mem 0xe5d00000-0xe5dfffff 64bit pref]
Nov 26 13:39:48 router kernel: pci 0000:00:17.0: PCI bridge to [bus 13]
Nov 26 13:39:48 router kernel: pci 0000:00:17.0:   bridge window [io  0x6000-0x6fff]
Nov 26 13:39:48 router kernel: pci 0000:00:17.0:   bridge window [mem 0xfd200000-0xfd2fffff]
Nov 26 13:39:48 router kernel: pci 0000:00:17.0:   bridge window [mem 0xe7800000-0xe78fffff 64bit pref]
Nov 26 13:39:48 router kernel: pci 0000:00:17.1: PCI bridge to [bus 14]
Nov 26 13:39:48 router kernel: pci 0000:00:17.1:   bridge window [io  0xa000-0xafff]
Nov 26 13:39:48 router kernel: pci 0000:00:17.1:   bridge window [mem 0xfce00000-0xfcefffff]
Nov 26 13:39:48 router kernel: pci 0000:00:17.1:   bridge window [mem 0xe7400000-0xe74fffff 64bit pref]
Nov 26 13:39:48 router kernel: pci 0000:00:17.2: PCI bridge to [bus 15]
Nov 26 13:39:48 router kernel: pci 0000:00:17.2:   bridge window [io  0xe000-0xefff]
Nov 26 13:39:48 router kernel: pci 0000:00:17.2:   bridge window [mem 0xfca00000-0xfcafffff]
Nov 26 13:39:48 router kernel: pci 0000:00:17.2:   bridge window [mem 0xe7000000-0xe70fffff 64bit pref]
Nov 26 13:39:48 router kernel: pci 0000:00:17.3: PCI bridge to [bus 16]
Nov 26 13:39:48 router kernel: pci 0000:00:17.3:   bridge window [mem 0xfc600000-0xfc6fffff]
Nov 26 13:39:48 router kernel: pci 0000:00:17.3:   bridge window [mem 0xe6c00000-0xe6cfffff 64bit pref]
Nov 26 13:39:48 router kernel: pci 0000:00:17.4: PCI bridge to [bus 17]
Nov 26 13:39:48 router kernel: pci 0000:00:17.4:   bridge window [mem 0xfc200000-0xfc2fffff]
Nov 26 13:39:48 router kernel: pci 0000:00:17.4:   bridge window [mem 0xe6800000-0xe68fffff 64bit pref]
Nov 26 13:39:48 router kernel: pci 0000:00:17.5: PCI bridge to [bus 18]
Nov 26 13:39:48 router kernel: pci 0000:00:17.5:   bridge window [mem 0xfbe00000-0xfbefffff]
Nov 26 13:39:48 router kernel: pci 0000:00:17.5:   bridge window [mem 0xe6400000-0xe64fffff 64bit pref]
Nov 26 13:39:48 router kernel: pci 0000:00:17.6: PCI bridge to [bus 19]
Nov 26 13:39:48 router kernel: pci 0000:00:17.6:   bridge window [mem 0xfba00000-0xfbafffff]
Nov 26 13:39:48 router kernel: pci 0000:00:17.6:   bridge window [mem 0xe6000000-0xe60fffff 64bit pref]
Nov 26 13:39:48 router kernel: pci 0000:00:17.7: PCI bridge to [bus 1a]
Nov 26 13:39:48 router kernel: pci 0000:00:17.7:   bridge window [mem 0xfb600000-0xfb6fffff]
Nov 26 13:39:48 router kernel: pci 0000:00:17.7:   bridge window [mem 0xe5c00000-0xe5cfffff 64bit pref]
Nov 26 13:39:48 router kernel: pci 0000:00:18.0: PCI bridge to [bus 1b]
Nov 26 13:39:48 router kernel: pci 0000:00:18.0:   bridge window [io  0x7000-0x7fff]
Nov 26 13:39:48 router kernel: pci 0000:00:18.0:   bridge window [mem 0xfd100000-0xfd1fffff]
Nov 26 13:39:48 router kernel: pci 0000:00:18.0:   bridge window [mem 0xe7700000-0xe77fffff 64bit pref]
Nov 26 13:39:48 router kernel: pci 0000:00:18.1: PCI bridge to [bus 1c]
Nov 26 13:39:48 router kernel: pci 0000:00:18.1:   bridge window [io  0xb000-0xbfff]
Nov 26 13:39:48 router kernel: pci 0000:00:18.1:   bridge window [mem 0xfcd00000-0xfcdfffff]
Nov 26 13:39:48 router kernel: pci 0000:00:18.1:   bridge window [mem 0xe7300000-0xe73fffff 64bit pref]
Nov 26 13:39:48 router kernel: pci 0000:00:18.2: PCI bridge to [bus 1d]
Nov 26 13:39:48 router kernel: pci 0000:00:18.2:   bridge window [mem 0xfc900000-0xfc9fffff]
Nov 26 13:39:48 router kernel: pci 0000:00:18.2:   bridge window [mem 0xe6f00000-0xe6ffffff 64bit pref]
Nov 26 13:39:48 router kernel: pci 0000:00:18.3: PCI bridge to [bus 1e]
Nov 26 13:39:48 router kernel: pci 0000:00:18.3:   bridge window [mem 0xfc500000-0xfc5fffff]
Nov 26 13:39:48 router kernel: pci 0000:00:18.3:   bridge window [mem 0xe6b00000-0xe6bfffff 64bit pref]
Nov 26 13:39:48 router kernel: pci 0000:00:18.4: PCI bridge to [bus 1f]
Nov 26 13:39:48 router kernel: pci 0000:00:18.4:   bridge window [mem 0xfc100000-0xfc1fffff]
Nov 26 13:39:48 router kernel: pci 0000:00:18.4:   bridge window [mem 0xe6700000-0xe67fffff 64bit pref]
Nov 26 13:39:48 router kernel: pci 0000:00:18.5: PCI bridge to [bus 20]
Nov 26 13:39:48 router kernel: pci 0000:00:18.5:   bridge window [mem 0xfbd00000-0xfbdfffff]
Nov 26 13:39:48 router kernel: pci 0000:00:18.5:   bridge window [mem 0xe6300000-0xe63fffff 64bit pref]
Nov 26 13:39:48 router kernel: pci 0000:00:18.6: PCI bridge to [bus 21]
Nov 26 13:39:48 router kernel: pci 0000:00:18.6:   bridge window [mem 0xfb900000-0xfb9fffff]
Nov 26 13:39:48 router kernel: pci 0000:00:18.6:   bridge window [mem 0xe5f00000-0xe5ffffff 64bit pref]
Nov 26 13:39:48 router kernel: pci 0000:00:18.7: PCI bridge to [bus 22]
Nov 26 13:39:48 router kernel: pci 0000:00:18.7:   bridge window [mem 0xfb500000-0xfb5fffff]
Nov 26 13:39:48 router kernel: pci 0000:00:18.7:   bridge window [mem 0xe5b00000-0xe5bfffff 64bit pref]
Nov 26 13:39:48 router kernel: NET: Registered protocol family 2
Nov 26 13:39:48 router kernel: TCP established hash table entries: 8192 (order: 4, 65536 bytes)
Nov 26 13:39:48 router kernel: TCP bind hash table entries: 8192 (order: 5, 131072 bytes)
Nov 26 13:39:48 router kernel: TCP: Hash tables configured (established 8192 bind 8192)
Nov 26 13:39:48 router kernel: TCP: reno registered
Nov 26 13:39:48 router kernel: UDP hash table entries: 512 (order: 2, 16384 bytes)
Nov 26 13:39:48 router kernel: UDP-Lite hash table entries: 512 (order: 2, 16384 bytes)
Nov 26 13:39:48 router kernel: NET: Registered protocol family 1
Nov 26 13:39:48 router kernel: pci 0000:00:00.0: Limiting direct PCI/PCI transfers
Nov 26 13:39:48 router kernel: Unpacking initramfs...
Nov 26 13:39:48 router kernel: Freeing initrd memory: 20668k freed
Nov 26 13:39:48 router kernel: RAPL PMU: API unit is 2^-32 Joules, 4 fixed counters, 10737418240 ms ovfl timer
Nov 26 13:39:48 router kernel: RAPL PMU: hw unit of domain pp0-core 2^-0 Joules
Nov 26 13:39:48 router kernel: RAPL PMU: hw unit of domain package 2^-0 Joules
Nov 26 13:39:48 router kernel: RAPL PMU: hw unit of domain dram 2^-0 Joules
Nov 26 13:39:48 router kernel: RAPL PMU: hw unit of domain pp1-gpu 2^-0 Joules
Nov 26 13:39:48 router kernel: Simple Boot Flag at 0x36 set to 0x80
Nov 26 13:39:48 router kernel: Switched to clocksource tsc
Nov 26 13:39:48 router kernel: sha1_ssse3: Using AVX2 optimized SHA-1 implementation
Nov 26 13:39:48 router kernel: sha256_ssse3: Using AVX2 optimized SHA-256 implementation
Nov 26 13:39:48 router kernel: futex hash table entries: 32768 (order: 9, 2097152 bytes)
Nov 26 13:39:48 router kernel: Initialise system trusted keyring
Nov 26 13:39:48 router kernel: audit: initializing netlink socket (disabled)
Nov 26 13:39:48 router kernel: type=2000 audit(1574793587.686:1): initialized
Nov 26 13:39:48 router kernel: HugeTLB registered 1 GB page size, pre-allocated 0 pages
Nov 26 13:39:48 router kernel: HugeTLB registered 2 MB page size, pre-allocated 0 pages
Nov 26 13:39:48 router kernel: zpool: loaded
Nov 26 13:39:48 router kernel: zbud: loaded
Nov 26 13:39:48 router kernel: VFS: Disk quotas dquot_6.5.2
Nov 26 13:39:48 router kernel: Dquot-cache hash table entries: 512 (order 0, 4096 bytes)
Nov 26 13:39:48 router kernel: msgmni has been set to 1939
Nov 26 13:39:48 router kernel: Key type big_key registered
Nov 26 13:39:48 router kernel: NET: Registered protocol family 38
Nov 26 13:39:48 router kernel: Key type asymmetric registered
Nov 26 13:39:48 router kernel: Asymmetric key parser 'x509' registered
Nov 26 13:39:48 router kernel: Block layer SCSI generic (bsg) driver version 0.4 loaded (major 248)
Nov 26 13:39:48 router kernel: io scheduler noop registered
Nov 26 13:39:48 router kernel: io scheduler deadline registered (default)
Nov 26 13:39:48 router kernel: io scheduler cfq registered
Nov 26 13:39:48 router kernel: io scheduler mq-deadline registered
Nov 26 13:39:48 router kernel: io scheduler kyber registered
Nov 26 13:39:48 router kernel: pcieport 0000:00:15.0: Signaling PME through PCIe PME interrupt
Nov 26 13:39:48 router kernel: pcieport 0000:00:15.1: Signaling PME through PCIe PME interrupt
Nov 26 13:39:48 router kernel: pcieport 0000:00:15.2: Signaling PME through PCIe PME interrupt
Nov 26 13:39:48 router kernel: pcieport 0000:00:15.3: Signaling PME through PCIe PME interrupt
Nov 26 13:39:48 router kernel: pcieport 0000:00:15.4: Signaling PME through PCIe PME interrupt
Nov 26 13:39:48 router kernel: pcieport 0000:00:15.5: Signaling PME through PCIe PME interrupt
Nov 26 13:39:48 router kernel: pcieport 0000:00:15.6: Signaling PME through PCIe PME interrupt
Nov 26 13:39:48 router kernel: pcieport 0000:00:15.7: Signaling PME through PCIe PME interrupt
Nov 26 13:39:48 router kernel: pcieport 0000:00:16.0: Signaling PME through PCIe PME interrupt
Nov 26 13:39:48 router kernel: pcieport 0000:00:16.1: Signaling PME through PCIe PME interrupt
Nov 26 13:39:48 router kernel: pcieport 0000:00:16.2: Signaling PME through PCIe PME interrupt
Nov 26 13:39:48 router kernel: pcieport 0000:00:16.3: Signaling PME through PCIe PME interrupt
Nov 26 13:39:48 router kernel: pcieport 0000:00:16.4: Signaling PME through PCIe PME interrupt
Nov 26 13:39:48 router kernel: pcieport 0000:00:16.5: Signaling PME through PCIe PME interrupt
Nov 26 13:39:48 router kernel: pcieport 0000:00:16.6: Signaling PME through PCIe PME interrupt
Nov 26 13:39:48 router kernel: pcieport 0000:00:16.7: Signaling PME through PCIe PME interrupt
Nov 26 13:39:48 router kernel: pcieport 0000:00:17.0: Signaling PME through PCIe PME interrupt
Nov 26 13:39:48 router kernel: pcieport 0000:00:17.1: Signaling PME through PCIe PME interrupt
Nov 26 13:39:48 router kernel: pcieport 0000:00:17.2: Signaling PME through PCIe PME interrupt
Nov 26 13:39:48 router kernel: pcieport 0000:00:17.3: Signaling PME through PCIe PME interrupt
Nov 26 13:39:48 router kernel: pcieport 0000:00:17.4: Signaling PME through PCIe PME interrupt
Nov 26 13:39:48 router kernel: pcieport 0000:00:17.5: Signaling PME through PCIe PME interrupt
Nov 26 13:39:48 router kernel: pcieport 0000:00:17.6: Signaling PME through PCIe PME interrupt
Nov 26 13:39:48 router kernel: pcieport 0000:00:17.7: Signaling PME through PCIe PME interrupt
Nov 26 13:39:48 router kernel: pcieport 0000:00:18.0: Signaling PME through PCIe PME interrupt
Nov 26 13:39:48 router kernel: pcieport 0000:00:18.1: Signaling PME through PCIe PME interrupt
Nov 26 13:39:48 router kernel: pcieport 0000:00:18.2: Signaling PME through PCIe PME interrupt
Nov 26 13:39:48 router kernel: pcieport 0000:00:18.3: Signaling PME through PCIe PME interrupt
Nov 26 13:39:48 router kernel: pcieport 0000:00:18.4: Signaling PME through PCIe PME interrupt
Nov 26 13:39:48 router kernel: pcieport 0000:00:18.5: Signaling PME through PCIe PME interrupt
Nov 26 13:39:48 router kernel: pcieport 0000:00:18.6: Signaling PME through PCIe PME interrupt
Nov 26 13:39:48 router kernel: pcieport 0000:00:18.7: Signaling PME through PCIe PME interrupt
Nov 26 13:39:48 router kernel: pci_hotplug: PCI Hot Plug PCI Core version: 0.5
Nov 26 13:39:48 router kernel: pciehp 0000:00:15.0:pcie004: Slot #160 AttnBtn+ PwrCtrl+ MRL- AttnInd- PwrInd- HotPlug+ Surprise- Interlock- NoCompl+ LLActRep+
Nov 26 13:39:48 router kernel: pciehp 0000:00:15.1:pcie004: Slot #161 AttnBtn+ PwrCtrl+ MRL- AttnInd- PwrInd- HotPlug+ Surprise- Interlock- NoCompl+ LLActRep+
Nov 26 13:39:48 router kernel: pciehp 0000:00:15.2:pcie004: Slot #162 AttnBtn+ PwrCtrl+ MRL- AttnInd- PwrInd- HotPlug+ Surprise- Interlock- NoCompl+ LLActRep+
Nov 26 13:39:48 router kernel: pciehp 0000:00:15.3:pcie004: Slot #163 AttnBtn+ PwrCtrl+ MRL- AttnInd- PwrInd- HotPlug+ Surprise- Interlock- NoCompl+ LLActRep+
Nov 26 13:39:48 router kernel: pciehp 0000:00:15.4:pcie004: Slot #164 AttnBtn+ PwrCtrl+ MRL- AttnInd- PwrInd- HotPlug+ Surprise- Interlock- NoCompl+ LLActRep+
Nov 26 13:39:48 router kernel: pciehp 0000:00:15.5:pcie004: Slot #165 AttnBtn+ PwrCtrl+ MRL- AttnInd- PwrInd- HotPlug+ Surprise- Interlock- NoCompl+ LLActRep+
Nov 26 13:39:48 router kernel: pciehp 0000:00:15.6:pcie004: Slot #166 AttnBtn+ PwrCtrl+ MRL- AttnInd- PwrInd- HotPlug+ Surprise- Interlock- NoCompl+ LLActRep+
Nov 26 13:39:48 router kernel: pciehp 0000:00:15.7:pcie004: Slot #167 AttnBtn+ PwrCtrl+ MRL- AttnInd- PwrInd- HotPlug+ Surprise- Interlock- NoCompl+ LLActRep+
Nov 26 13:39:48 router kernel: pciehp 0000:00:16.0:pcie004: Slot #192 AttnBtn+ PwrCtrl+ MRL- AttnInd- PwrInd- HotPlug+ Surprise- Interlock- NoCompl+ LLActRep+
Nov 26 13:39:48 router kernel: pciehp 0000:00:16.1:pcie004: Slot #193 AttnBtn+ PwrCtrl+ MRL- AttnInd- PwrInd- HotPlug+ Surprise- Interlock- NoCompl+ LLActRep+
Nov 26 13:39:48 router kernel: pciehp 0000:00:16.2:pcie004: Slot #194 AttnBtn+ PwrCtrl+ MRL- AttnInd- PwrInd- HotPlug+ Surprise- Interlock- NoCompl+ LLActRep+
Nov 26 13:39:48 router kernel: pciehp 0000:00:16.3:pcie004: Slot #195 AttnBtn+ PwrCtrl+ MRL- AttnInd- PwrInd- HotPlug+ Surprise- Interlock- NoCompl+ LLActRep+
Nov 26 13:39:48 router kernel: pciehp 0000:00:16.4:pcie004: Slot #196 AttnBtn+ PwrCtrl+ MRL- AttnInd- PwrInd- HotPlug+ Surprise- Interlock- NoCompl+ LLActRep+
Nov 26 13:39:48 router kernel: pciehp 0000:00:16.5:pcie004: Slot #197 AttnBtn+ PwrCtrl+ MRL- AttnInd- PwrInd- HotPlug+ Surprise- Interlock- NoCompl+ LLActRep+
Nov 26 13:39:48 router kernel: pciehp 0000:00:16.6:pcie004: Slot #198 AttnBtn+ PwrCtrl+ MRL- AttnInd- PwrInd- HotPlug+ Surprise- Interlock- NoCompl+ LLActRep+
Nov 26 13:39:48 router kernel: pciehp 0000:00:16.7:pcie004: Slot #199 AttnBtn+ PwrCtrl+ MRL- AttnInd- PwrInd- HotPlug+ Surprise- Interlock- NoCompl+ LLActRep+
Nov 26 13:39:48 router kernel: pciehp 0000:00:17.0:pcie004: Slot #224 AttnBtn+ PwrCtrl+ MRL- AttnInd- PwrInd- HotPlug+ Surprise- Interlock- NoCompl+ LLActRep+
Nov 26 13:39:48 router kernel: pciehp 0000:00:17.1:pcie004: Slot #225 AttnBtn+ PwrCtrl+ MRL- AttnInd- PwrInd- HotPlug+ Surprise- Interlock- NoCompl+ LLActRep+
Nov 26 13:39:48 router kernel: pciehp 0000:00:17.2:pcie004: Slot #226 AttnBtn+ PwrCtrl+ MRL- AttnInd- PwrInd- HotPlug+ Surprise- Interlock- NoCompl+ LLActRep+
Nov 26 13:39:48 router kernel: pciehp 0000:00:17.3:pcie004: Slot #227 AttnBtn+ PwrCtrl+ MRL- AttnInd- PwrInd- HotPlug+ Surprise- Interlock- NoCompl+ LLActRep+
Nov 26 13:39:48 router kernel: pciehp 0000:00:17.4:pcie004: Slot #228 AttnBtn+ PwrCtrl+ MRL- AttnInd- PwrInd- HotPlug+ Surprise- Interlock- NoCompl+ LLActRep+
Nov 26 13:39:48 router kernel: pciehp 0000:00:17.5:pcie004: Slot #229 AttnBtn+ PwrCtrl+ MRL- AttnInd- PwrInd- HotPlug+ Surprise- Interlock- NoCompl+ LLActRep+
Nov 26 13:39:48 router kernel: pciehp 0000:00:17.6:pcie004: Slot #230 AttnBtn+ PwrCtrl+ MRL- AttnInd- PwrInd- HotPlug+ Surprise- Interlock- NoCompl+ LLActRep+
Nov 26 13:39:48 router kernel: pciehp 0000:00:17.7:pcie004: Slot #231 AttnBtn+ PwrCtrl+ MRL- AttnInd- PwrInd- HotPlug+ Surprise- Interlock- NoCompl+ LLActRep+
Nov 26 13:39:48 router kernel: pciehp 0000:00:18.0:pcie004: Slot #256 AttnBtn+ PwrCtrl+ MRL- AttnInd- PwrInd- HotPlug+ Surprise- Interlock- NoCompl+ LLActRep+
Nov 26 13:39:48 router kernel: pciehp 0000:00:18.1:pcie004: Slot #257 AttnBtn+ PwrCtrl+ MRL- AttnInd- PwrInd- HotPlug+ Surprise- Interlock- NoCompl+ LLActRep+
Nov 26 13:39:48 router kernel: pciehp 0000:00:18.2:pcie004: Slot #258 AttnBtn+ PwrCtrl+ MRL- AttnInd- PwrInd- HotPlug+ Surprise- Interlock- NoCompl+ LLActRep+
Nov 26 13:39:48 router kernel: pciehp 0000:00:18.3:pcie004: Slot #259 AttnBtn+ PwrCtrl+ MRL- AttnInd- PwrInd- HotPlug+ Surprise- Interlock- NoCompl+ LLActRep+
Nov 26 13:39:48 router kernel: pciehp 0000:00:18.4:pcie004: Slot #260 AttnBtn+ PwrCtrl+ MRL- AttnInd- PwrInd- HotPlug+ Surprise- Interlock- NoCompl+ LLActRep+
Nov 26 13:39:48 router kernel: pciehp 0000:00:18.5:pcie004: Slot #261 AttnBtn+ PwrCtrl+ MRL- AttnInd- PwrInd- HotPlug+ Surprise- Interlock- NoCompl+ LLActRep+
Nov 26 13:39:48 router kernel: pciehp 0000:00:18.6:pcie004: Slot #262 AttnBtn+ PwrCtrl+ MRL- AttnInd- PwrInd- HotPlug+ Surprise- Interlock- NoCompl+ LLActRep+
Nov 26 13:39:48 router kernel: pciehp 0000:00:18.7:pcie004: Slot #263 AttnBtn+ PwrCtrl+ MRL- AttnInd- PwrInd- HotPlug+ Surprise- Interlock- NoCompl+ LLActRep+
Nov 26 13:39:48 router kernel: pciehp: PCI Express Hot Plug Controller Driver version: 0.4
Nov 26 13:39:48 router kernel: shpchp: Standard Hot Plug PCI Controller Driver version: 0.4
Nov 26 13:39:48 router kernel: ACPI: AC Adapter [ACAD] (on-line)
Nov 26 13:39:48 router kernel: input: Power Button as /devices/LNXSYSTM:00/LNXPWRBN:00/input/input0
Nov 26 13:39:48 router kernel: ACPI: Power Button [PWRF]
Nov 26 13:39:48 router kernel: GHES: HEST is not enabled!
Nov 26 13:39:48 router kernel: Serial: 8250/16550 driver, 4 ports, IRQ sharing enabled
Nov 26 13:39:48 router kernel: Non-volatile memory driver v1.3
Nov 26 13:39:48 router kernel: Linux agpgart interface v0.103
Nov 26 13:39:48 router kernel: agpgart-intel 0000:00:00.0: Intel 440BX Chipset
Nov 26 13:39:48 router kernel: agpgart-intel 0000:00:00.0: AGP aperture is 256M @ 0x0
Nov 26 13:39:48 router kernel: crash memory driver: version 1.1
Nov 26 13:39:48 router kernel: rdac: device handler registered
Nov 26 13:39:48 router kernel: hp_sw: device handler registered
Nov 26 13:39:48 router kernel: emc: device handler registered
Nov 26 13:39:48 router kernel: alua: device handler registered
Nov 26 13:39:48 router kernel: libphy: Fixed MDIO Bus: probed
Nov 26 13:39:48 router kernel: ehci_hcd: USB 2.0 'Enhanced' Host Controller (EHCI) Driver
Nov 26 13:39:48 router kernel: ehci-pci: EHCI PCI platform driver
Nov 26 13:39:48 router kernel: ehci-pci 0000:02:05.0: EHCI Host Controller
Nov 26 13:39:48 router kernel: ehci-pci 0000:02:05.0: new USB bus registered, assigned bus number 1
Nov 26 13:39:48 router kernel: ehci-pci 0000:02:05.0: irq 19, io mem 0xfd53f000
Nov 26 13:39:48 router kernel: ehci-pci 0000:02:05.0: USB 2.0 started, EHCI 1.00
Nov 26 13:39:48 router kernel: usb usb1: New USB device found, idVendor=1d6b, idProduct=0002, bcdDevice= 3.10
Nov 26 13:39:48 router kernel: usb usb1: New USB device strings: Mfr=3, Product=2, SerialNumber=1
Nov 26 13:39:48 router kernel: usb usb1: Product: EHCI Host Controller
Nov 26 13:39:48 router kernel: usb usb1: Manufacturer: Linux 3.10.0-1062.4.1.el7.x86_64 ehci_hcd
Nov 26 13:39:48 router kernel: usb usb1: SerialNumber: 0000:02:05.0
Nov 26 13:39:48 router kernel: hub 1-0:1.0: USB hub found
Nov 26 13:39:48 router kernel: hub 1-0:1.0: 6 ports detected
Nov 26 13:39:48 router kernel: ohci_hcd: USB 1.1 'Open' Host Controller (OHCI) Driver
Nov 26 13:39:48 router kernel: ohci-pci: OHCI PCI platform driver
Nov 26 13:39:48 router kernel: uhci_hcd: USB Universal Host Controller Interface driver
Nov 26 13:39:48 router kernel: uhci_hcd 0000:02:00.0: UHCI Host Controller
Nov 26 13:39:48 router kernel: uhci_hcd 0000:02:00.0: new USB bus registered, assigned bus number 2
Nov 26 13:39:48 router kernel: uhci_hcd 0000:02:00.0: detected 2 ports
Nov 26 13:39:48 router kernel: uhci_hcd 0000:02:00.0: irq 18, io base 0x00002400
Nov 26 13:39:48 router kernel: usb usb2: New USB device found, idVendor=1d6b, idProduct=0001, bcdDevice= 3.10
Nov 26 13:39:48 router kernel: usb usb2: New USB device strings: Mfr=3, Product=2, SerialNumber=1
Nov 26 13:39:48 router kernel: usb usb2: Product: UHCI Host Controller
Nov 26 13:39:48 router kernel: usb usb2: Manufacturer: Linux 3.10.0-1062.4.1.el7.x86_64 uhci_hcd
Nov 26 13:39:48 router kernel: usb usb2: SerialNumber: 0000:02:00.0
Nov 26 13:39:48 router kernel: hub 2-0:1.0: USB hub found
Nov 26 13:39:48 router kernel: hub 2-0:1.0: 2 ports detected
Nov 26 13:39:48 router kernel: usbcore: registered new interface driver usbserial_generic
Nov 26 13:39:48 router kernel: usbserial: USB Serial support registered for generic
Nov 26 13:39:48 router kernel: i8042: PNP: PS/2 Controller [PNP0303:KBC,PNP0f13:MOUS] at 0x60,0x64 irq 1,12
Nov 26 13:39:48 router kernel: serio: i8042 KBD port at 0x60,0x64 irq 1
Nov 26 13:39:48 router kernel: serio: i8042 AUX port at 0x60,0x64 irq 12
Nov 26 13:39:48 router kernel: mousedev: PS/2 mouse device common for all mice
Nov 26 13:39:48 router kernel: rtc_cmos 00:01: rtc core: registered rtc_cmos as rtc0
Nov 26 13:39:48 router kernel: rtc_cmos 00:01: alarms up to one month, y3k, 114 bytes nvram
Nov 26 13:39:48 router kernel: cpuidle: using governor menu
Nov 26 13:39:48 router kernel: hidraw: raw HID events driver (C) Jiri Kosina
Nov 26 13:39:48 router kernel: usbcore: registered new interface driver usbhid
Nov 26 13:39:48 router kernel: usbhid: USB HID core driver
Nov 26 13:39:48 router kernel: drop_monitor: Initializing network drop monitor service
Nov 26 13:39:48 router kernel: TCP: cubic registered
Nov 26 13:39:48 router kernel: Initializing XFRM netlink socket
Nov 26 13:39:48 router kernel: NET: Registered protocol family 10
Nov 26 13:39:48 router kernel: NET: Registered protocol family 17
Nov 26 13:39:48 router kernel: mpls_gso: MPLS GSO support
Nov 26 13:39:48 router kernel: mce: Using 8 MCE banks
Nov 26 13:39:48 router kernel: Loading compiled-in X.509 certificates
Nov 26 13:39:48 router kernel: Loaded X.509 cert 'CentOS Linux kpatch signing key: ea0413152cde1d98ebdca3fe6f0230904c9ef717'
Nov 26 13:39:48 router kernel: Loaded X.509 cert 'CentOS Linux Driver update signing key: 7f421ee0ab69461574bb358861dbe77762a4201b'
Nov 26 13:39:48 router kernel: Loaded X.509 cert 'CentOS Linux kernel signing key: 6048f25b831ec4470200e23602c5ca831d18cf8f'
Nov 26 13:39:48 router kernel: registered taskstats version 1
Nov 26 13:39:48 router kernel: input: AT Translated Set 2 keyboard as /devices/platform/i8042/serio0/input/input1
Nov 26 13:39:48 router kernel: input: VirtualPS/2 VMware VMMouse as /devices/platform/i8042/serio1/input/input2
Nov 26 13:39:48 router kernel: input: VirtualPS/2 VMware VMMouse as /devices/platform/i8042/serio1/input/input3
Nov 26 13:39:48 router kernel: Key type trusted registered
Nov 26 13:39:48 router kernel: Key type encrypted registered
Nov 26 13:39:48 router kernel: IMA: No TPM chip found, activating TPM-bypass! (rc=-19)
Nov 26 13:39:48 router kernel:  Magic number: 11:29:697
Nov 26 13:39:48 router kernel: acpi LNXCPU:38: hash matches
Nov 26 13:39:48 router kernel: acpi LNXCPU:0b: hash matches
Nov 26 13:39:48 router kernel: rtc_cmos 00:01: setting system clock to 2019-11-26 18:39:48 UTC (1574793588)
Nov 26 13:39:48 router kernel: Freeing unused kernel memory: 1984k freed
Nov 26 13:39:48 router kernel: Write protecting the kernel read-only data: 12288k
Nov 26 13:39:48 router kernel: Freeing unused kernel memory: 424k freed
Nov 26 13:39:48 router kernel: Freeing unused kernel memory: 556k freed
Nov 26 13:39:48 router kernel: random: systemd: uninitialized urandom read (16 bytes read)
Nov 26 13:39:48 router kernel: random: systemd: uninitialized urandom read (16 bytes read)
Nov 26 13:39:48 router kernel: random: systemd: uninitialized urandom read (16 bytes read)
Nov 26 13:39:48 router systemd[1]: systemd 219 running in system mode. (+PAM +AUDIT +SELINUX +IMA -APPARMOR +SMACK +SYSVINIT +UTMP +LIBCRYPTSETUP +GCRYPT +GNUTLS +ACL +XZ +LZ4 -SECCOMP +BLKID +ELFUTILS +KMOD +IDN)
Nov 26 13:39:48 router systemd[1]: Detected virtualization vmware.
Nov 26 13:39:48 router systemd[1]: Detected architecture x86-64.
Nov 26 13:39:48 router systemd[1]: Running in initial RAM disk.
Nov 26 13:39:48 router systemd[1]: Set hostname to <localhost.localdomain>.
Nov 26 13:39:48 router kernel: random: systemd: uninitialized urandom read (16 bytes read)
Nov 26 13:39:48 router kernel: random: systemd: uninitialized urandom read (16 bytes read)
Nov 26 13:39:48 router kernel: random: systemd: uninitialized urandom read (16 bytes read)
Nov 26 13:39:48 router kernel: random: systemd: uninitialized urandom read (16 bytes read)
Nov 26 13:39:48 router kernel: random: systemd: uninitialized urandom read (16 bytes read)
Nov 26 13:39:48 router kernel: random: systemd: uninitialized urandom read (16 bytes read)
Nov 26 13:39:48 router kernel: random: systemd: uninitialized urandom read (16 bytes read)
Nov 26 13:39:48 router systemd[1]: [/run/systemd/generator/dev-mapper-centos\x2droot.device.d/timeout.conf:3] Unknown lvalue 'JobRunningTimeoutSec' in section 'Unit'
Nov 26 13:39:48 router systemd[1]: Created slice Root Slice.
Nov 26 13:39:48 router systemd[1]: Reached target Swap.
Nov 26 13:39:48 router systemd[1]: Created slice System Slice.
Nov 26 13:39:48 router systemd[1]: Listening on Journal Socket.
Nov 26 13:39:48 router systemd[1]: Starting dracut cmdline hook...
Nov 26 13:39:48 router systemd[1]: Starting Create list of required static device nodes for the current kernel...
Nov 26 13:39:48 router systemd[1]: Listening on udev Control Socket.
Nov 26 13:39:48 router systemd[1]: Reached target Local File Systems.
Nov 26 13:39:48 router systemd[1]: Reached target Slices.
Nov 26 13:39:48 router systemd[1]: Listening on udev Kernel Socket.
Nov 26 13:39:48 router systemd[1]: Reached target Sockets.
Nov 26 13:39:48 router systemd[1]: Reached target Timers.
Nov 26 13:39:48 router systemd[1]: Starting Apply Kernel Variables...
Nov 26 13:39:48 router systemd[1]: Starting Journal Service...
Nov 26 13:39:48 router systemd[1]: Starting Setup Virtual Console...
Nov 26 13:39:48 router systemd[1]: Started Create list of required static device nodes for the current kernel.
Nov 26 13:39:48 router systemd[1]: Starting Create Static Device Nodes in /dev...
Nov 26 13:39:48 router systemd[1]: Started Apply Kernel Variables.
Nov 26 13:39:48 router systemd[1]: Started Create Static Device Nodes in /dev.
Nov 26 13:39:48 router systemd[1]: Started Setup Virtual Console.
Nov 26 13:39:48 router journal: Journal started
Nov 26 13:39:48 router systemd[1]: Started Journal Service.
Nov 26 13:39:48 router systemd: Started dracut cmdline hook.
Nov 26 13:39:48 router systemd: Starting dracut pre-udev hook...
Nov 26 13:39:48 router kernel: device-mapper: uevent: version 1.0.3
Nov 26 13:39:48 router kernel: device-mapper: ioctl: 4.37.1-ioctl (2018-04-03) initialised: dm-devel@redhat.com
Nov 26 13:39:48 router systemd: Started dracut pre-udev hook.
Nov 26 13:39:48 router systemd: Starting udev Kernel Device Manager...
Nov 26 13:39:48 router systemd-udevd: starting version 219
Nov 26 13:39:48 router systemd: Started udev Kernel Device Manager.
Nov 26 13:39:48 router systemd: Starting udev Coldplug all Devices...
Nov 26 13:39:48 router systemd: Mounting Configuration File System...
Nov 26 13:39:48 router systemd: Mounted Configuration File System.
Nov 26 13:39:48 router kernel: usb 2-1: new full-speed USB device number 2 using uhci_hcd
Nov 26 13:39:48 router systemd: Started udev Coldplug all Devices.
Nov 26 13:39:48 router systemd: Starting dracut initqueue hook...
Nov 26 13:39:48 router systemd: Starting Show Plymouth Boot Screen...
Nov 26 13:39:48 router systemd: Reached target System Initialization.
Nov 26 13:39:48 router systemd: Started Show Plymouth Boot Screen.
Nov 26 13:39:48 router systemd: Reached target Paths.
Nov 26 13:39:48 router systemd: Started Forward Password Requests to Plymouth Directory Watch.
Nov 26 13:39:48 router systemd: Reached target Basic System.
Nov 26 13:39:48 router kernel: Fusion MPT base driver 3.04.20
Nov 26 13:39:48 router kernel: Copyright (c) 1999-2008 LSI Corporation
Nov 26 13:39:48 router kernel: e1000: Intel(R) PRO/1000 Network Driver - version 7.3.21-k8-NAPI
Nov 26 13:39:48 router kernel: e1000: Copyright (c) 1999-2006 Intel Corporation.
Nov 26 13:39:48 router kernel: usb 2-1: New USB device found, idVendor=0e0f, idProduct=0003, bcdDevice= 1.03
Nov 26 13:39:48 router kernel: usb 2-1: New USB device strings: Mfr=1, Product=2, SerialNumber=0
Nov 26 13:39:48 router kernel: usb 2-1: Product: VMware Virtual USB Mouse
Nov 26 13:39:48 router kernel: usb 2-1: Manufacturer: VMware
Nov 26 13:39:48 router kernel: Fusion MPT SPI Host driver 3.04.20
Nov 26 13:39:48 router kernel: input: VMware VMware Virtual USB Mouse as /devices/pci0000:00/0000:00:11.0/0000:02:00.0/usb2/2-1/2-1:1.0/input/input4
Nov 26 13:39:48 router kernel: hid-generic 0003:0E0F:0003.0001: input,hidraw0: USB HID v1.10 Mouse [VMware VMware Virtual USB Mouse] on usb-0000:02:00.0-1/input0
Nov 26 13:39:48 router kernel: mptbase: ioc0: Initiating bringup
Nov 26 13:39:49 router kernel: ioc0: LSI53C1030 B0: Capabilities={Initiator}
Nov 26 13:39:49 router kernel: usb 2-2: new full-speed USB device number 3 using uhci_hcd
Nov 26 13:39:49 router kernel: scsi host0: ioc0: LSI53C1030 B0, FwRev=01032920h, Ports=1, MaxQ=128, IRQ=17
Nov 26 13:39:49 router kernel: scsi 0:0:0:0: Direct-Access     VMware,  VMware Virtual S 1.0  PQ: 0 ANSI: 2
Nov 26 13:39:49 router kernel: scsi target0:0:0: Beginning Domain Validation
Nov 26 13:39:49 router kernel: scsi target0:0:0: Domain Validation skipping write tests
Nov 26 13:39:49 router kernel: scsi target0:0:0: Ending Domain Validation
Nov 26 13:39:49 router kernel: scsi target0:0:0: FAST-40 WIDE SCSI 80.0 MB/s ST (25 ns, offset 127)
Nov 26 13:39:49 router kernel: scsi host1: ata_piix
Nov 26 13:39:49 router kernel: scsi host2: ata_piix
Nov 26 13:39:49 router kernel: ata1: PATA max UDMA/33 cmd 0x1f0 ctl 0x3f6 bmdma 0x1060 irq 14
Nov 26 13:39:49 router kernel: ata2: PATA max UDMA/33 cmd 0x170 ctl 0x376 bmdma 0x1068 irq 15
Nov 26 13:39:49 router kernel: [drm] DMA map mode: Keeping DMA mappings.
Nov 26 13:39:49 router kernel: [drm] Capabilities:
Nov 26 13:39:49 router kernel: [drm]   Rect copy.
Nov 26 13:39:49 router kernel: [drm]   Cursor.
Nov 26 13:39:49 router kernel: [drm]   Cursor bypass.
Nov 26 13:39:49 router kernel: [drm]   Cursor bypass 2.
Nov 26 13:39:49 router kernel: [drm]   8bit emulation.
Nov 26 13:39:49 router kernel: [drm]   Alpha cursor.
Nov 26 13:39:49 router kernel: [drm]   Extended Fifo.
Nov 26 13:39:49 router kernel: [drm]   Multimon.
Nov 26 13:39:49 router kernel: [drm]   Pitchlock.
Nov 26 13:39:49 router kernel: [drm]   Irq mask.
Nov 26 13:39:49 router kernel: [drm]   Display Topology.
Nov 26 13:39:49 router kernel: [drm]   GMR.
Nov 26 13:39:49 router kernel: [drm]   Traces.
Nov 26 13:39:49 router kernel: [drm]   GMR2.
Nov 26 13:39:49 router kernel: [drm]   Screen Object 2.
Nov 26 13:39:49 router kernel: [drm]   Command Buffers.
Nov 26 13:39:49 router kernel: [drm]   Command Buffers 2.
Nov 26 13:39:49 router kernel: [drm]   Guest Backed Resources.
Nov 26 13:39:49 router kernel: [drm]   DX Features.
Nov 26 13:39:49 router kernel: [drm]   HP Command Queue.
Nov 26 13:39:49 router kernel: [drm] Max GMR ids is 64
Nov 26 13:39:49 router kernel: [drm] Max number of GMR pages is 65536
Nov 26 13:39:49 router kernel: [drm] Max dedicated hypervisor surface memory is 0 kiB
Nov 26 13:39:49 router kernel: [drm] Maximum display memory size is 32768 kiB
Nov 26 13:39:49 router kernel: [drm] VRAM at 0xe8000000 size is 4096 kiB
Nov 26 13:39:49 router kernel: [drm] MMIO at 0xfe000000 size is 256 kiB
